Archive member included to satisfy reference by file (symbol)

C:/ST/STM32CubeCLT_1.16.0/GNU-tools-for-STM32/bin/../lib/gcc/arm-none-eabi/12.3.1/../../../../arm-none-eabi/lib/thumb/v7e-m+fp/hard\libc_nano.a(libc_a-exit.o)
                              C:/ST/STM32CubeCLT_1.16.0/GNU-tools-for-STM32/bin/../lib/gcc/arm-none-eabi/12.3.1/../../../../arm-none-eabi/lib/thumb/v7e-m+fp/hard/crt0.o (exit)
C:/ST/STM32CubeCLT_1.16.0/GNU-tools-for-STM32/bin/../lib/gcc/arm-none-eabi/12.3.1/../../../../arm-none-eabi/lib/thumb/v7e-m+fp/hard\libc_nano.a(libc_a-findfp.o)
                              C:/ST/STM32CubeCLT_1.16.0/GNU-tools-for-STM32/bin/../lib/gcc/arm-none-eabi/12.3.1/../../../../arm-none-eabi/lib/thumb/v7e-m+fp/hard\libc_nano.a(libc_a-exit.o) (__stdio_exit_handler)
C:/ST/STM32CubeCLT_1.16.0/GNU-tools-for-STM32/bin/../lib/gcc/arm-none-eabi/12.3.1/../../../../arm-none-eabi/lib/thumb/v7e-m+fp/hard\libc_nano.a(libc_a-fwalk.o)
                              C:/ST/STM32CubeCLT_1.16.0/GNU-tools-for-STM32/bin/../lib/gcc/arm-none-eabi/12.3.1/../../../../arm-none-eabi/lib/thumb/v7e-m+fp/hard\libc_nano.a(libc_a-findfp.o) (_fwalk_sglue)
C:/ST/STM32CubeCLT_1.16.0/GNU-tools-for-STM32/bin/../lib/gcc/arm-none-eabi/12.3.1/../../../../arm-none-eabi/lib/thumb/v7e-m+fp/hard\libc_nano.a(libc_a-stdio.o)
                              C:/ST/STM32CubeCLT_1.16.0/GNU-tools-for-STM32/bin/../lib/gcc/arm-none-eabi/12.3.1/../../../../arm-none-eabi/lib/thumb/v7e-m+fp/hard\libc_nano.a(libc_a-findfp.o) (__sread)
C:/ST/STM32CubeCLT_1.16.0/GNU-tools-for-STM32/bin/../lib/gcc/arm-none-eabi/12.3.1/../../../../arm-none-eabi/lib/thumb/v7e-m+fp/hard\libc_nano.a(libc_a-memset.o)
                              C:/ST/STM32CubeCLT_1.16.0/GNU-tools-for-STM32/bin/../lib/gcc/arm-none-eabi/12.3.1/../../../../arm-none-eabi/lib/thumb/v7e-m+fp/hard/crt0.o (memset)
C:/ST/STM32CubeCLT_1.16.0/GNU-tools-for-STM32/bin/../lib/gcc/arm-none-eabi/12.3.1/../../../../arm-none-eabi/lib/thumb/v7e-m+fp/hard\libc_nano.a(libc_a-closer.o)
                              C:/ST/STM32CubeCLT_1.16.0/GNU-tools-for-STM32/bin/../lib/gcc/arm-none-eabi/12.3.1/../../../../arm-none-eabi/lib/thumb/v7e-m+fp/hard\libc_nano.a(libc_a-stdio.o) (_close_r)
C:/ST/STM32CubeCLT_1.16.0/GNU-tools-for-STM32/bin/../lib/gcc/arm-none-eabi/12.3.1/../../../../arm-none-eabi/lib/thumb/v7e-m+fp/hard\libc_nano.a(libc_a-reent.o)
                              C:/ST/STM32CubeCLT_1.16.0/GNU-tools-for-STM32/bin/../lib/gcc/arm-none-eabi/12.3.1/../../../../arm-none-eabi/lib/thumb/v7e-m+fp/hard\libc_nano.a(libc_a-closer.o) (errno)
C:/ST/STM32CubeCLT_1.16.0/GNU-tools-for-STM32/bin/../lib/gcc/arm-none-eabi/12.3.1/../../../../arm-none-eabi/lib/thumb/v7e-m+fp/hard\libc_nano.a(libc_a-impure.o)
                              C:/ST/STM32CubeCLT_1.16.0/GNU-tools-for-STM32/bin/../lib/gcc/arm-none-eabi/12.3.1/../../../../arm-none-eabi/lib/thumb/v7e-m+fp/hard\libc_nano.a(libc_a-reent.o) (_impure_ptr)
C:/ST/STM32CubeCLT_1.16.0/GNU-tools-for-STM32/bin/../lib/gcc/arm-none-eabi/12.3.1/../../../../arm-none-eabi/lib/thumb/v7e-m+fp/hard\libc_nano.a(libc_a-lseekr.o)
                              C:/ST/STM32CubeCLT_1.16.0/GNU-tools-for-STM32/bin/../lib/gcc/arm-none-eabi/12.3.1/../../../../arm-none-eabi/lib/thumb/v7e-m+fp/hard\libc_nano.a(libc_a-stdio.o) (_lseek_r)
C:/ST/STM32CubeCLT_1.16.0/GNU-tools-for-STM32/bin/../lib/gcc/arm-none-eabi/12.3.1/../../../../arm-none-eabi/lib/thumb/v7e-m+fp/hard\libc_nano.a(libc_a-readr.o)
                              C:/ST/STM32CubeCLT_1.16.0/GNU-tools-for-STM32/bin/../lib/gcc/arm-none-eabi/12.3.1/../../../../arm-none-eabi/lib/thumb/v7e-m+fp/hard\libc_nano.a(libc_a-stdio.o) (_read_r)
C:/ST/STM32CubeCLT_1.16.0/GNU-tools-for-STM32/bin/../lib/gcc/arm-none-eabi/12.3.1/../../../../arm-none-eabi/lib/thumb/v7e-m+fp/hard\libc_nano.a(libc_a-writer.o)
                              C:/ST/STM32CubeCLT_1.16.0/GNU-tools-for-STM32/bin/../lib/gcc/arm-none-eabi/12.3.1/../../../../arm-none-eabi/lib/thumb/v7e-m+fp/hard\libc_nano.a(libc_a-stdio.o) (_write_r)
C:/ST/STM32CubeCLT_1.16.0/GNU-tools-for-STM32/bin/../lib/gcc/arm-none-eabi/12.3.1/../../../../arm-none-eabi/lib/thumb/v7e-m+fp/hard\libc_nano.a(libc_a-init.o)
                              C:/ST/STM32CubeCLT_1.16.0/GNU-tools-for-STM32/bin/../lib/gcc/arm-none-eabi/12.3.1/../../../../arm-none-eabi/lib/thumb/v7e-m+fp/hard/crt0.o (__libc_init_array)
C:/ST/STM32CubeCLT_1.16.0/GNU-tools-for-STM32/bin/../lib/gcc/arm-none-eabi/12.3.1/../../../../arm-none-eabi/lib/thumb/v7e-m+fp/hard\libc_nano.a(libc_a-lock.o)
                              C:/ST/STM32CubeCLT_1.16.0/GNU-tools-for-STM32/bin/../lib/gcc/arm-none-eabi/12.3.1/../../../../arm-none-eabi/lib/thumb/v7e-m+fp/hard\libc_nano.a(libc_a-findfp.o) (__retarget_lock_init_recursive)
C:/ST/STM32CubeCLT_1.16.0/GNU-tools-for-STM32/bin/../lib/gcc/arm-none-eabi/12.3.1/../../../../arm-none-eabi/lib/thumb/v7e-m+fp/hard\libc_nano.a(libc_a-freer.o)
[...]
Memory Configuration

Name             Origin             Length             Attributes
RAM              0x20000000         0x00030000         xrw
CCMRAM           0x10000000         0x00010000         xrw
FLASH            0x08000000         0x00200000         xr
*default*        0x00000000         0xffffffff

Linker script and memory map

LOAD C:/ST/STM32CubeCLT_1.16.0/GNU-tools-for-STM32/bin/../lib/gcc/arm-none-eabi/12.3.1/thumb/v7e-m+fp/hard/crti.o
LOAD C:/ST/STM32CubeCLT_1.16.0/GNU-tools-for-STM32/bin/../lib/gcc/arm-none-eabi/12.3.1/thumb/v7e-m+fp/hard/crtbegin.o
LOAD C:/ST/STM32CubeCLT_1.16.0/GNU-tools-for-STM32/bin/../lib/gcc/arm-none-eabi/12.3.1/../../../../arm-none-eabi/lib/thumb/v7e-m+fp/hard/crt0.o
START GROUP
LOAD C:/ST/STM32CubeCLT_1.16.0/GNU-tools-for-STM32/bin/../lib/gcc/arm-none-eabi/12.3.1/../../../../arm-none-eabi/lib/thumb/v7e-m+fp/hard\libc_nano.a
LOAD C:/ST/STM32CubeCLT_1.16.0/GNU-tools-for-STM32/bin/../lib/gcc/arm-none-eabi/12.3.1/../../../../arm-none-eabi/lib/thumb/v7e-m+fp/hard\libm.a
END GROUP
LOAD CMakeFiles/GraviTE_test.dir/Core/Src/main.c.obj
LOAD CMakeFiles/GraviTE_test.dir/Core/Src/gpio.c.obj
LOAD CMakeFiles/GraviTE_test.dir/Core/Src/adc.c.obj
LOAD CMakeFiles/GraviTE_test.dir/Core/Src/dma.c.obj
LOAD CMakeFiles/GraviTE_test.dir/Core/Src/i2c.c.obj
LOAD CMakeFiles/GraviTE_test.dir/Core/Src/rtc.c.obj
LOAD CMakeFiles/GraviTE_test.dir/Core/Src/spi.c.obj
LOAD CMakeFiles/GraviTE_test.dir/Core/Src/tim.c.obj
LOAD CMakeFiles/GraviTE_test.dir/Core/Src/usart.c.obj
LOAD CMakeFiles/GraviTE_test.dir/Core/Src/stm32f4xx_it.c.obj
LOAD CMakeFiles/GraviTE_test.dir/Core/Src/stm32f4xx_hal_msp.c.obj
LOAD CMakeFiles/GraviTE_test.dir/Core/Src/stm32f4xx_hal_timebase_tim.c.obj
LOAD CMakeFiles/GraviTE_test.dir/Drivers/STM32F4xx_HAL_Driver/Src/stm32f4xx_hal_tim.c.obj
LOAD CMakeFiles/GraviTE_test.dir/Drivers/STM32F4xx_HAL_Driver/Src/stm32f4xx_hal_tim_ex.c.obj
LOAD CMakeFiles/GraviTE_test.dir/Drivers/STM32F4xx_HAL_Driver/Src/stm32f4xx_hal_adc.c.obj
LOAD CMakeFiles/GraviTE_test.dir/Drivers/STM32F4xx_HAL_Driver/Src/stm32f4xx_hal_adc_ex.c.obj
LOAD CMakeFiles/GraviTE_test.dir/Drivers/STM32F4xx_HAL_Driver/Src/stm32f4xx_ll_adc.c.obj
LOAD CMakeFiles/GraviTE_test.dir/Drivers/STM32F4xx_HAL_Driver/Src/stm32f4xx_hal_rcc.c.obj
LOAD CMakeFiles/GraviTE_test.dir/Drivers/STM32F4xx_HAL_Driver/Src/stm32f4xx_hal_rcc_ex.c.obj
LOAD CMakeFiles/GraviTE_test.dir/Drivers/STM32F4xx_HAL_Driver/Src/stm32f4xx_hal_flash.c.obj
LOAD CMakeFiles/GraviTE_test.dir/Drivers/STM32F4xx_HAL_Driver/Src/stm32f4xx_hal_flash_ex.c.obj
LOAD CMakeFiles/GraviTE_test.dir/Drivers/STM32F4xx_HAL_Driver/Src/stm32f4xx_hal_flash_ramfunc.c.obj
LOAD CMakeFiles/GraviTE_test.dir/Drivers/STM32F4xx_HAL_Driver/Src/stm32f4xx_hal_gpio.c.obj
LOAD CMakeFiles/GraviTE_test.dir/Drivers/STM32F4xx_HAL_Driver/Src/stm32f4xx_hal_dma_ex.c.obj
LOAD CMakeFiles/GraviTE_test.dir/Drivers/STM32F4xx_HAL_Driver/Src/stm32f4xx_hal_dma.c.obj
LOAD CMakeFiles/GraviTE_test.dir/Drivers/STM32F4xx_HAL_Driver/Src/stm32f4xx_hal_pwr.c.obj
LOAD CMakeFiles/GraviTE_test.dir/Drivers/STM32F4xx_HAL_Driver/Src/stm32f4xx_hal_pwr_ex.c.obj
LOAD CMakeFiles/GraviTE_test.dir/Drivers/STM32F4xx_HAL_Driver/Src/stm32f4xx_hal_cortex.c.obj
LOAD CMakeFiles/GraviTE_test.dir/Drivers/STM32F4xx_HAL_Driver/Src/stm32f4xx_hal.c.obj
LOAD CMakeFiles/GraviTE_test.dir/Drivers/STM32F4xx_HAL_Driver/Src/stm32f4xx_hal_exti.c.obj
LOAD CMakeFiles/GraviTE_test.dir/Drivers/STM32F4xx_HAL_Driver/Src/stm32f4xx_hal_i2c.c.obj
LOAD CMakeFiles/GraviTE_test.dir/Drivers/STM32F4xx_HAL_Driver/Src/stm32f4xx_hal_i2c_ex.c.obj
LOAD CMakeFiles/GraviTE_test.dir/Drivers/STM32F4xx_HAL_Driver/Src/stm32f4xx_hal_rtc.c.obj
LOAD CMakeFiles/GraviTE_test.dir/Drivers/STM32F4xx_HAL_Driver/Src/stm32f4xx_hal_rtc_ex.c.obj
LOAD CMakeFiles/GraviTE_test.dir/Drivers/STM32F4xx_HAL_Driver/Src/stm32f4xx_hal_spi.c.obj
LOAD CMakeFiles/GraviTE_test.dir/Drivers/STM32F4xx_HAL_Driver/Src/stm32f4xx_hal_uart.c.obj
LOAD CMakeFiles/GraviTE_test.dir/Core/Src/system_stm32f4xx.c.obj
LOAD CMakeFiles/GraviTE_test.dir/Core/Src/sysmem.c.obj
LOAD CMakeFiles/GraviTE_test.dir/Core/Src/syscalls.c.obj
LOAD CMakeFiles/GraviTE_test.dir/startup_stm32f429xx.s.obj
START GROUP
LOAD C:/ST/STM32CubeCLT_1.16.0/GNU-tools-for-STM32/bin/../lib/gcc/arm-none-eabi/12.3.1/thumb/v7e-m+fp/hard\libgcc.a
LOAD C:/ST/STM32CubeCLT_1.16.0/GNU-tools-for-STM32/bin/../lib/gcc/arm-none-eabi/12.3.1/../../../../arm-none-eabi/lib/thumb/v7e-m+fp/hard\libg_nano.a
LOAD C:/ST/STM32CubeCLT_1.16.0/GNU-tools-for-STM32/bin/../lib/gcc/arm-none-eabi/12.3.1/../../../../arm-none-eabi/lib/thumb/v7e-m+fp/hard\libc_nano.a
END GROUP
START GROUP
LOAD C:/ST/STM32CubeCLT_1.16.0/GNU-tools-for-STM32/bin/../lib/gcc/arm-none-eabi/12.3.1/thumb/v7e-m+fp/hard\libgcc.a
LOAD C:/ST/STM32CubeCLT_1.16.0/GNU-tools-for-STM32/bin/../lib/gcc/arm-none-eabi/12.3.1/../../../../arm-none-eabi/lib/thumb/v7e-m+fp/hard\libc_nano.a
END GROUP
LOAD C:/ST/STM32CubeCLT_1.16.0/GNU-tools-for-STM32/bin/../lib/gcc/arm-none-eabi/12.3.1/thumb/v7e-m+fp/hard/crtend.o
LOAD C:/ST/STM32CubeCLT_1.16.0/GNU-tools-for-STM32/bin/../lib/gcc/arm-none-eabi/12.3.1/thumb/v7e-m+fp/hard/crtn.o
                0x20030000                        _estack = (ORIGIN (RAM) + LENGTH (RAM))
                0x00000200                        _Min_Heap_Size = 0x200
                0x00000400                        _Min_Stack_Size = 0x400

.isr_vector     0x08000000      0x1ac
                0x08000000                        . = ALIGN (0x4)
 *(.isr_vector)
 .isr_vector    0x08000000      0x1ac CMakeFiles/GraviTE_test.dir/startup_stm32f429xx.s.obj
                0x08000000                g_pfnVectors
                0x080001ac                        . = ALIGN (0x4)

.text           0x080001ac     0x6f90
                0x080001ac                        . = ALIGN (0x4)
 *(.text)
 .text          0x080001ac       0x40 C:/ST/STM32CubeCLT_1.16.0/GNU-tools-for-STM32/bin/../lib/gcc/arm-none-eabi/12.3.1/thumb/v7e-m+fp/hard/crtbegin.o
 .text          0x080001ec       0x30 C:/ST/STM32CubeCLT_1.16.0/GNU-tools-for-STM32/bin/../lib/gcc/arm-none-eabi/12.3.1/thumb/v7e-m+fp/hard\libgcc.a(_aeabi_uldivmod.o)
                0x080001ec                __aeabi_uldivmod
 .text          0x0800021c      0x2bc C:/ST/STM32CubeCLT_1.16.0/GNU-tools-for-STM32/bin/../lib/gcc/arm-none-eabi/12.3.1/thumb/v7e-m+fp/hard\libgcc.a(_udivmoddi4.o)
                0x0800021c                __udivmoddi4
 .text          0x080004d8        0x4 C:/ST/STM32CubeCLT_1.16.0/GNU-tools-for-STM32/bin/../lib/gcc/arm-none-eabi/12.3.1/thumb/v7e-m+fp/hard\libgcc.a(_dvmd_tls.o)
                0x080004d8                __aeabi_idiv0
                0x080004d8                __aeabi_ldiv0
 *(.text*)
 .text.memset   0x080004dc       0x10 C:/ST/STM32CubeCLT_1.16.0/GNU-tools-for-STM32/bin/../lib/gcc/arm-none-eabi/12.3.1/../../../../arm-none-eabi/lib/thumb/v7e-m+fp/hard\libc_nano.a(libc_a-memset.o)
                0x080004dc                memset
 .text.__libc_init_array
                0x080004ec       0x48 C:/ST/STM32CubeCLT_1.16.0/GNU-tools-for-STM32/bin/../lib/gcc/arm-none-eabi/12.3.1/../../../../arm-none-eabi/lib/thumb/v7e-m+fp/hard\libc_nano.a(libc_a-init.o)
                0x080004ec                __libc_init_array
 .text.main     0x08000534       0x7c CMakeFiles/GraviTE_test.dir/Core/Src/main.c.obj
                0x08000534                main
 .text.SystemClock_Config
                0x080005b0       0xe4 CMakeFiles/GraviTE_test.dir/Core/Src/main.c.obj
                0x080005b0                SystemClock_Config
 .text.HAL_UART_RxCpltCallback
                0x08000694       0x7c CMakeFiles/GraviTE_test.dir/Core/Src/main.c.obj
                0x08000694                HAL_UART_RxCpltCallback
 .text.HAL_TIM_PeriodElapsedCallback
                0x08000710       0x24 CMakeFiles/GraviTE_test.dir/Core/Src/main.c.obj
                0x08000710                HAL_TIM_PeriodElapsedCallback
 .text.Error_Handler
                0x08000734        0xc CMakeFiles/GraviTE_test.dir/Core/Src/main.c.obj
                0x08000734                Error_Handler
 .text.MX_GPIO_Init
                0x08000740      0x3bc CMakeFiles/GraviTE_test.dir/Core/Src/gpio.c.obj
                0x08000740                MX_GPIO_Init
 .text.MX_ADC1_Init
                0x08000afc       0xdc CMakeFiles/GraviTE_test.dir/Core/Src/adc.c.obj
                0x08000afc                MX_ADC1_Init
 .text.HAL_ADC_MspInit
                0x08000bd8      0x100 CMakeFiles/GraviTE_test.dir/Core/Src/adc.c.obj
                0x08000bd8                HAL_ADC_MspInit
 .text.MX_DMA_Init
                0x08000cd8       0x60 CMakeFiles/GraviTE_test.dir/Core/Src/dma.c.obj
                0x08000cd8                MX_DMA_Init
 .text.MX_I2C1_Init
                0x08000d38       0x80 CMakeFiles/GraviTE_test.dir/Core/Src/i2c.c.obj
                0x08000d38                MX_I2C1_Init
 .text.MX_I2C2_Init
                0x08000db8       0x80 CMakeFiles/GraviTE_test.dir/Core/Src/i2c.c.obj
                0x08000db8                MX_I2C2_Init
 .text.MX_I2C3_Init
                0x08000e38       0x80 CMakeFiles/GraviTE_test.dir/Core/Src/i2c.c.obj
                0x08000e38                MX_I2C3_Init
 .text.HAL_I2C_MspInit
                0x08000eb8      0x1cc CMakeFiles/GraviTE_test.dir/Core/Src/i2c.c.obj
                0x08000eb8                HAL_I2C_MspInit
 .text.MX_RTC_Init
                0x08001084       0x4c CMakeFiles/GraviTE_test.dir/Core/Src/rtc.c.obj
                0x08001084                MX_RTC_Init
 .text.HAL_RTC_MspInit
                0x080010d0       0x54 CMakeFiles/GraviTE_test.dir/Core/Src/rtc.c.obj
                0x080010d0                HAL_RTC_MspInit
 .text.MX_SPI3_Init
                0x08001124       0x6c CMakeFiles/GraviTE_test.dir/Core/Src/spi.c.obj
                0x08001124                MX_SPI3_Init
 .text.MX_SPI4_Init
                0x08001190       0x6c CMakeFiles/GraviTE_test.dir/Core/Src/spi.c.obj
                0x08001190                MX_SPI4_Init
 .text.HAL_SPI_MspInit
                0x080011fc      0x100 CMakeFiles/GraviTE_test.dir/Core/Src/spi.c.obj
                0x080011fc                HAL_SPI_MspInit
 .text.MX_TIM13_Init
                0x080012fc       0x9c CMakeFiles/GraviTE_test.dir/Core/Src/tim.c.obj
                0x080012fc                MX_TIM13_Init
 .text.HAL_TIM_Base_MspInit
                0x08001398       0x44 CMakeFiles/GraviTE_test.dir/Core/Src/tim.c.obj
                0x08001398                HAL_TIM_Base_MspInit
 .text.HAL_TIM_MspPostInit
                0x080013dc       0x74 CMakeFiles/GraviTE_test.dir/Core/Src/tim.c.obj
                0x080013dc                HAL_TIM_MspPostInit
 .text.MX_USART1_UART_Init
                0x08001450       0x54 CMakeFiles/GraviTE_test.dir/Core/Src/usart.c.obj
                0x08001450                MX_USART1_UART_Init
 .text.HAL_UART_MspInit
                0x080014a4      0x158 CMakeFiles/GraviTE_test.dir/Core/Src/usart.c.obj
                0x080014a4                HAL_UART_MspInit
 .text.NMI_Handler
                0x080015fc        0x8 CMakeFiles/GraviTE_test.dir/Core/Src/stm32f4xx_it.c.obj
                0x080015fc                NMI_Handler
 .text.HardFault_Handler
                0x08001604        0x8 CMakeFiles/GraviTE_test.dir/Core/Src/stm32f4xx_it.c.obj
                0x08001604                HardFault_Handler
 .text.MemManage_Handler
                0x0800160c        0x8 CMakeFiles/GraviTE_test.dir/Core/Src/stm32f4xx_it.c.obj
                0x0800160c                MemManage_Handler
 .text.BusFault_Handler
                0x08001614        0x8 CMakeFiles/GraviTE_test.dir/Core/Src/stm32f4xx_it.c.obj
                0x08001614                BusFault_Handler
 .text.UsageFault_Handler
                0x0800161c        0x8 CMakeFiles/GraviTE_test.dir/Core/Src/stm32f4xx_it.c.obj
                0x0800161c                UsageFault_Handler
 .text.SVC_Handler
                0x08001624        0xe CMakeFiles/GraviTE_test.dir/Core/Src/stm32f4xx_it.c.obj
                0x08001624                SVC_Handler
 .text.DebugMon_Handler
                0x08001632        0xe CMakeFiles/GraviTE_test.dir/Core/Src/stm32f4xx_it.c.obj
                0x08001632                DebugMon_Handler
 .text.PendSV_Handler
                0x08001640        0xe CMakeFiles/GraviTE_test.dir/Core/Src/stm32f4xx_it.c.obj
                0x08001640                PendSV_Handler
 .text.SysTick_Handler
                0x0800164e        0xe CMakeFiles/GraviTE_test.dir/Core/Src/stm32f4xx_it.c.obj
                0x0800164e                SysTick_Handler
 .text.ADC_IRQHandler
                0x0800165c       0x14 CMakeFiles/GraviTE_test.dir/Core/Src/stm32f4xx_it.c.obj
                0x0800165c                ADC_IRQHandler
 .text.EXTI9_5_IRQHandler
                0x08001670       0x16 CMakeFiles/GraviTE_test.dir/Core/Src/stm32f4xx_it.c.obj
                0x08001670                EXTI9_5_IRQHandler
 *fill*         0x08001686        0x2 
 .text.TIM1_UP_TIM10_IRQHandler
                0x08001688       0x14 CMakeFiles/GraviTE_test.dir/Core/Src/stm32f4xx_it.c.obj
                0x08001688                TIM1_UP_TIM10_IRQHandler
 .text.I2C2_EV_IRQHandler
                0x0800169c       0x14 CMakeFiles/GraviTE_test.dir/Core/Src/stm32f4xx_it.c.obj
                0x0800169c                I2C2_EV_IRQHandler
 .text.DMA2_Stream0_IRQHandler
                0x080016b0       0x14 CMakeFiles/GraviTE_test.dir/Core/Src/stm32f4xx_it.c.obj
                0x080016b0                DMA2_Stream0_IRQHandler
 .text.DMA2_Stream2_IRQHandler
                0x080016c4       0x14 CMakeFiles/GraviTE_test.dir/Core/Src/stm32f4xx_it.c.obj
                0x080016c4                DMA2_Stream2_IRQHandler
 .text.DMA2_Stream7_IRQHandler
                0x080016d8       0x14 CMakeFiles/GraviTE_test.dir/Core/Src/stm32f4xx_it.c.obj
                0x080016d8                DMA2_Stream7_IRQHandler
 .text.I2C3_EV_IRQHandler
                0x080016ec       0x14 CMakeFiles/GraviTE_test.dir/Core/Src/stm32f4xx_it.c.obj
                0x080016ec                I2C3_EV_IRQHandler
 .text.HAL_MspInit
                0x08001700       0x50 CMakeFiles/GraviTE_test.dir/Core/Src/stm32f4xx_hal_msp.c.obj
                0x08001700                HAL_MspInit
 .text.HAL_InitTick
                0x08001750       0xe8 CMakeFiles/GraviTE_test.dir/Core/Src/stm32f4xx_hal_timebase_tim.c.obj
                0x08001750                HAL_InitTick
 .text.HAL_TIM_Base_Init
                0x08001838       0x9e CMakeFiles/GraviTE_test.dir/Drivers/STM32F4xx_HAL_Driver/Src/stm32f4xx_hal_tim.c.obj
                0x08001838                HAL_TIM_Base_Init
 *fill*         0x080018d6        0x2 
 .text.HAL_TIM_Base_Start_IT
                0x080018d8       0xe0 CMakeFiles/GraviTE_test.dir/Drivers/STM32F4xx_HAL_Driver/Src/stm32f4xx_hal_tim.c.obj
                0x080018d8                HAL_TIM_Base_Start_IT
 .text.HAL_TIM_PWM_Init
                0x080019b8       0x9e CMakeFiles/GraviTE_test.dir/Drivers/STM32F4xx_HAL_Driver/Src/stm32f4xx_hal_tim.c.obj
                0x080019b8                HAL_TIM_PWM_Init
 .text.HAL_TIM_PWM_MspInit
                0x08001a56       0x14 CMakeFiles/GraviTE_test.dir/Drivers/STM32F4xx_HAL_Driver/Src/stm32f4xx_hal_tim.c.obj
                0x08001a56                HAL_TIM_PWM_MspInit
 .text.HAL_TIM_IRQHandler
                0x08001a6a      0x1e0 CMakeFiles/GraviTE_test.dir/Drivers/STM32F4xx_HAL_Driver/Src/stm32f4xx_hal_tim.c.obj
                0x08001a6a                HAL_TIM_IRQHandler
 *fill*         0x08001c4a        0x2 
 .text.HAL_TIM_PWM_ConfigChannel
                0x08001c4c      0x184 CMakeFiles/GraviTE_test.dir/Drivers/STM32F4xx_HAL_Driver/Src/stm32f4xx_hal_tim.c.obj
                0x08001c4c                HAL_TIM_PWM_ConfigChannel
 .text.HAL_TIM_OC_DelayElapsedCallback
                0x08001dd0       0x14 CMakeFiles/GraviTE_test.dir/Drivers/STM32F4xx_HAL_Driver/Src/stm32f4xx_hal_tim.c.obj
                0x08001dd0                HAL_TIM_OC_DelayElapsedCallback
 .text.HAL_TIM_IC_CaptureCallback
                0x08001de4       0x14 CMakeFiles/GraviTE_test.dir/Drivers/STM32F4xx_HAL_Driver/Src/stm32f4xx_hal_tim.c.obj
                0x08001de4                HAL_TIM_IC_CaptureCallback
 .text.HAL_TIM_PWM_PulseFinishedCallback
                0x08001df8       0x14 CMakeFiles/GraviTE_test.dir/Drivers/STM32F4xx_HAL_Driver/Src/stm32f4xx_hal_tim.c.obj
                0x08001df8                HAL_TIM_PWM_PulseFinishedCallback
 .text.HAL_TIM_TriggerCallback
                0x08001e0c       0x14 CMakeFiles/GraviTE_test.dir/Drivers/STM32F4xx_HAL_Driver/Src/stm32f4xx_hal_tim.c.obj
                0x08001e0c                HAL_TIM_TriggerCallback
 .text.TIM_Base_SetConfig
                0x08001e20      0x14c CMakeFiles/GraviTE_test.dir/Drivers/STM32F4xx_HAL_Driver/Src/stm32f4xx_hal_tim.c.obj
                0x08001e20                TIM_Base_SetConfig
 .text.TIM_OC1_SetConfig
                0x08001f6c       0xe0 CMakeFiles/GraviTE_test.dir/Drivers/STM32F4xx_HAL_Driver/Src/stm32f4xx_hal_tim.c.obj
 .text.TIM_OC2_SetConfig
                0x0800204c       0xec CMakeFiles/GraviTE_test.dir/Drivers/STM32F4xx_HAL_Driver/Src/stm32f4xx_hal_tim.c.obj
                0x0800204c                TIM_OC2_SetConfig
 .text.TIM_OC3_SetConfig
                0x08002138       0xe8 CMakeFiles/GraviTE_test.dir/Drivers/STM32F4xx_HAL_Driver/Src/stm32f4xx_hal_tim.c.obj
 .text.TIM_OC4_SetConfig
                0x08002220       0xac CMakeFiles/GraviTE_test.dir/Drivers/STM32F4xx_HAL_Driver/Src/stm32f4xx_hal_tim.c.obj
 .text.HAL_TIMEx_CommutCallback
                0x080022cc       0x14 CMakeFiles/GraviTE_test.dir/Drivers/STM32F4xx_HAL_Driver/Src/stm32f4xx_hal_tim_ex.c.obj
                0x080022cc                HAL_TIMEx_CommutCallback
 .text.HAL_TIMEx_BreakCallback
                0x080022e0       0x14 CMakeFiles/GraviTE_test.dir/Drivers/STM32F4xx_HAL_Driver/Src/stm32f4xx_hal_tim_ex.c.obj
                0x080022e0                HAL_TIMEx_BreakCallback
 .text.HAL_ADC_Init
                0x080022f4       0x86 CMakeFiles/GraviTE_test.dir/Drivers/STM32F4xx_HAL_Driver/Src/stm32f4xx_hal_adc.c.obj
                0x080022f4                HAL_ADC_Init
 .text.HAL_ADC_IRQHandler
                0x0800237a      0x220 CMakeFiles/GraviTE_test.dir/Drivers/STM32F4xx_HAL_Driver/Src/stm32f4xx_hal_adc.c.obj
                0x0800237a                HAL_ADC_IRQHandler
 .text.HAL_ADC_ConvCpltCallback
                0x0800259a       0x14 CMakeFiles/GraviTE_test.dir/Drivers/STM32F4xx_HAL_Driver/Src/stm32f4xx_hal_adc.c.obj
                0x0800259a                HAL_ADC_ConvCpltCallback
 .text.HAL_ADC_LevelOutOfWindowCallback
                0x080025ae       0x14 CMakeFiles/GraviTE_test.dir/Drivers/STM32F4xx_HAL_Driver/Src/stm32f4xx_hal_adc.c.obj
                0x080025ae                HAL_ADC_LevelOutOfWindowCallback
 .text.HAL_ADC_ErrorCallback
                0x080025c2       0x14 CMakeFiles/GraviTE_test.dir/Drivers/STM32F4xx_HAL_Driver/Src/stm32f4xx_hal_adc.c.obj
                0x080025c2                HAL_ADC_ErrorCallback
 *fill*         0x080025d6        0x2 
 .text.HAL_ADC_ConfigChannel
                0x080025d8      0x264 CMakeFiles/GraviTE_test.dir/Drivers/STM32F4xx_HAL_Driver/Src/stm32f4xx_hal_adc.c.obj
                0x080025d8                HAL_ADC_ConfigChannel
 .text.ADC_Init
                0x0800283c      0x1f8 CMakeFiles/GraviTE_test.dir/Drivers/STM32F4xx_HAL_Driver/Src/stm32f4xx_hal_adc.c.obj
 .text.HAL_ADCEx_InjectedConvCpltCallback
                0x08002a34       0x14 CMakeFiles/GraviTE_test.dir/Drivers/STM32F4xx_HAL_Driver/Src/stm32f4xx_hal_adc_ex.c.obj
                0x08002a34                HAL_ADCEx_InjectedConvCpltCallback
 .text.HAL_RCC_OscConfig
                0x08002a48      0x4f0 CMakeFiles/GraviTE_test.dir/Drivers/STM32F4xx_HAL_Driver/Src/stm32f4xx_hal_rcc.c.obj
                0x08002a48                HAL_RCC_OscConfig
 .text.HAL_RCC_ClockConfig
                0x08002f38      0x1cc CMakeFiles/GraviTE_test.dir/Drivers/STM32F4xx_HAL_Driver/Src/stm32f4xx_hal_rcc.c.obj
                0x08002f38                HAL_RCC_ClockConfig
 .text.HAL_RCC_GetSysClockFreq
                0x08003104      0x20c CMakeFiles/GraviTE_test.dir/Drivers/STM32F4xx_HAL_Driver/Src/stm32f4xx_hal_rcc.c.obj
                0x08003104                HAL_RCC_GetSysClockFreq
 .text.HAL_RCC_GetHCLKFreq
                0x08003310       0x18 CMakeFiles/GraviTE_test.dir/Drivers/STM32F4xx_HAL_Driver/Src/stm32f4xx_hal_rcc.c.obj
                0x08003310                HAL_RCC_GetHCLKFreq
 .text.HAL_RCC_GetPCLK1Freq
                0x08003328       0x28 CMakeFiles/GraviTE_test.dir/Drivers/STM32F4xx_HAL_Driver/Src/stm32f4xx_hal_rcc.c.obj
                0x08003328                HAL_RCC_GetPCLK1Freq
 .text.HAL_RCC_GetPCLK2Freq
                0x08003350       0x28 CMakeFiles/GraviTE_test.dir/Drivers/STM32F4xx_HAL_Driver/Src/stm32f4xx_hal_rcc.c.obj
                0x08003350                HAL_RCC_GetPCLK2Freq
 .text.HAL_RCC_GetClockConfig
                0x08003378       0x64 CMakeFiles/GraviTE_test.dir/Drivers/STM32F4xx_HAL_Driver/Src/stm32f4xx_hal_rcc.c.obj
                0x08003378                HAL_RCC_GetClockConfig
 .text.HAL_RCCEx_PeriphCLKConfig
                0x080033dc      0x380 CMakeFiles/GraviTE_test.dir/Drivers/STM32F4xx_HAL_Driver/Src/stm32f4xx_hal_rcc_ex.c.obj
                0x080033dc                HAL_RCCEx_PeriphCLKConfig
 .text.HAL_GPIO_Init
                0x0800375c      0x358 CMakeFiles/GraviTE_test.dir/Drivers/STM32F4xx_HAL_Driver/Src/stm32f4xx_hal_gpio.c.obj
                0x0800375c                HAL_GPIO_Init
 .text.HAL_GPIO_WritePin
                0x08003ab4       0x32 CMakeFiles/GraviTE_test.dir/Drivers/STM32F4xx_HAL_Driver/Src/stm32f4xx_hal_gpio.c.obj
                0x08003ab4                HAL_GPIO_WritePin
 .text.HAL_GPIO_TogglePin
                0x08003ae6       0x34 CMakeFiles/GraviTE_test.dir/Drivers/STM32F4xx_HAL_Driver/Src/stm32f4xx_hal_gpio.c.obj
                0x08003ae6                HAL_GPIO_TogglePin
 *fill*         0x08003b1a        0x2 
 .text.HAL_GPIO_EXTI_IRQHandler
                0x08003b1c       0x30 CMakeFiles/GraviTE_test.dir/Drivers/STM32F4xx_HAL_Driver/Src/stm32f4xx_hal_gpio.c.obj
                0x08003b1c                HAL_GPIO_EXTI_IRQHandler
 .text.HAL_GPIO_EXTI_Callback
                0x08003b4c       0x16 CMakeFiles/GraviTE_test.dir/Drivers/STM32F4xx_HAL_Driver/Src/stm32f4xx_hal_gpio.c.obj
                0x08003b4c                HAL_GPIO_EXTI_Callback
 *fill*         0x08003b62        0x2 
 .text.HAL_DMA_Init
                0x08003b64      0x15c CMakeFiles/GraviTE_test.dir/Drivers/STM32F4xx_HAL_Driver/Src/stm32f4xx_hal_dma.c.obj
                0x08003b64                HAL_DMA_Init
 .text.HAL_DMA_Start_IT
                0x08003cc0       0xb0 CMakeFiles/GraviTE_test.dir/Drivers/STM32F4xx_HAL_Driver/Src/stm32f4xx_hal_dma.c.obj
                0x08003cc0                HAL_DMA_Start_IT
 .text.HAL_DMA_Abort_IT
                0x08003d70       0x44 CMakeFiles/GraviTE_test.dir/Drivers/STM32F4xx_HAL_Driver/Src/stm32f4xx_hal_dma.c.obj
                0x08003d70                HAL_DMA_Abort_IT
 .text.HAL_DMA_IRQHandler
                0x08003db4      0x314 CMakeFiles/GraviTE_test.dir/Drivers/STM32F4xx_HAL_Driver/Src/stm32f4xx_hal_dma.c.obj
                0x08003db4                HAL_DMA_IRQHandler
 .text.HAL_DMA_GetState
                0x080040c8       0x1c CMakeFiles/GraviTE_test.dir/Drivers/STM32F4xx_HAL_Driver/Src/stm32f4xx_hal_dma.c.obj
                0x080040c8                HAL_DMA_GetState
 .text.DMA_SetConfig
                0x080040e4       0x5c CMakeFiles/GraviTE_test.dir/Drivers/STM32F4xx_HAL_Driver/Src/stm32f4xx_hal_dma.c.obj
 .text.DMA_CalcBaseAndBitshift
                0x08004140       0x6c CMakeFiles/GraviTE_test.dir/Drivers/STM32F4xx_HAL_Driver/Src/stm32f4xx_hal_dma.c.obj
 .text.DMA_CheckFifoParam
                0x080041ac       0xf8 CMakeFiles/GraviTE_test.dir/Drivers/STM32F4xx_HAL_Driver/Src/stm32f4xx_hal_dma.c.obj
 .text.HAL_PWREx_EnableOverDrive
                0x080042a4       0xa0 CMakeFiles/GraviTE_test.dir/Drivers/STM32F4xx_HAL_Driver/Src/stm32f4xx_hal_pwr_ex.c.obj
                0x080042a4                HAL_PWREx_EnableOverDrive
 .text.__NVIC_SetPriorityGrouping
                0x08004344       0x48 CMakeFiles/GraviTE_test.dir/Drivers/STM32F4xx_HAL_Driver/Src/stm32f4xx_hal_cortex.c.obj
 .text.__NVIC_GetPriorityGrouping
                0x0800438c       0x1c CMakeFiles/GraviTE_test.dir/Drivers/STM32F4xx_HAL_Driver/Src/stm32f4xx_hal_cortex.c.obj
 .text.__NVIC_EnableIRQ
                0x080043a8       0x3c CMakeFiles/GraviTE_test.dir/Drivers/STM32F4xx_HAL_Driver/Src/stm32f4xx_hal_cortex.c.obj
 .text.__NVIC_SetPriority
                0x080043e4       0x54 CMakeFiles/GraviTE_test.dir/Drivers/STM32F4xx_HAL_Driver/Src/stm32f4xx_hal_cortex.c.obj
 .text.NVIC_EncodePriority
                0x08004438       0x66 CMakeFiles/GraviTE_test.dir/Drivers/STM32F4xx_HAL_Driver/Src/stm32f4xx_hal_cortex.c.obj
 .text.HAL_NVIC_SetPriorityGrouping
                0x0800449e       0x16 CMakeFiles/GraviTE_test.dir/Drivers/STM32F4xx_HAL_Driver/Src/stm32f4xx_hal_cortex.c.obj
                0x0800449e                HAL_NVIC_SetPriorityGrouping
 .text.HAL_NVIC_SetPriority
                0x080044b4       0x38 CMakeFiles/GraviTE_test.dir/Drivers/STM32F4xx_HAL_Driver/Src/stm32f4xx_hal_cortex.c.obj
                0x080044b4                HAL_NVIC_SetPriority
 .text.HAL_NVIC_EnableIRQ
                0x080044ec       0x1c CMakeFiles/GraviTE_test.dir/Drivers/STM32F4xx_HAL_Driver/Src/stm32f4xx_hal_cortex.c.obj
                0x080044ec                HAL_NVIC_EnableIRQ
 .text.HAL_Init
                0x08004508       0x44 CMakeFiles/GraviTE_test.dir/Drivers/STM32F4xx_HAL_Driver/Src/stm32f4xx_hal.c.obj
                0x08004508                HAL_Init
 .text.HAL_IncTick
                0x0800454c       0x28 CMakeFiles/GraviTE_test.dir/Drivers/STM32F4xx_HAL_Driver/Src/stm32f4xx_hal.c.obj
                0x0800454c                HAL_IncTick
 .text.HAL_GetTick
                0x08004574       0x18 CMakeFiles/GraviTE_test.dir/Drivers/STM32F4xx_HAL_Driver/Src/stm32f4xx_hal.c.obj
                0x08004574                HAL_GetTick
 .text.HAL_I2C_Init
                0x0800458c      0x300 CMakeFiles/GraviTE_test.dir/Drivers/STM32F4xx_HAL_Driver/Src/stm32f4xx_hal_i2c.c.obj
                0x0800458c                HAL_I2C_Init
 .text.I2C_Flush_DR
                0x0800488c       0x2a CMakeFiles/GraviTE_test.dir/Drivers/STM32F4xx_HAL_Driver/Src/stm32f4xx_hal_i2c.c.obj
 .text.HAL_I2C_EV_IRQHandler
                0x080048b6      0x2a6 CMakeFiles/GraviTE_test.dir/Drivers/STM32F4xx_HAL_Driver/Src/stm32f4xx_hal_i2c.c.obj
                0x080048b6                HAL_I2C_EV_IRQHandler
 .text.HAL_I2C_MasterTxCpltCallback
                0x08004b5c       0x14 CMakeFiles/GraviTE_test.dir/Drivers/STM32F4xx_HAL_Driver/Src/stm32f4xx_hal_i2c.c.obj
                0x08004b5c                HAL_I2C_MasterTxCpltCallback
 .text.HAL_I2C_MasterRxCpltCallback
                0x08004b70       0x14 CMakeFiles/GraviTE_test.dir/Drivers/STM32F4xx_HAL_Driver/Src/stm32f4xx_hal_i2c.c.obj
                0x08004b70                HAL_I2C_MasterRxCpltCallback
 .text.HAL_I2C_SlaveTxCpltCallback
                0x08004b84       0x14 CMakeFiles/GraviTE_test.dir/Drivers/STM32F4xx_HAL_Driver/Src/stm32f4xx_hal_i2c.c.obj
                0x08004b84                HAL_I2C_SlaveTxCpltCallback
 .text.HAL_I2C_SlaveRxCpltCallback
                0x08004b98       0x14 CMakeFiles/GraviTE_test.dir/Drivers/STM32F4xx_HAL_Driver/Src/stm32f4xx_hal_i2c.c.obj
                0x08004b98                HAL_I2C_SlaveRxCpltCallback
 .text.HAL_I2C_AddrCallback
                0x08004bac       0x1c CMakeFiles/GraviTE_test.dir/Drivers/STM32F4xx_HAL_Driver/Src/stm32f4xx_hal_i2c.c.obj
                0x08004bac                HAL_I2C_AddrCallback
 .text.HAL_I2C_ListenCpltCallback
                0x08004bc8       0x14 CMakeFiles/GraviTE_test.dir/Drivers/STM32F4xx_HAL_Driver/Src/stm32f4xx_hal_i2c.c.obj
                0x08004bc8                HAL_I2C_ListenCpltCallback
 .text.HAL_I2C_MemTxCpltCallback
                0x08004bdc       0x14 CMakeFiles/GraviTE_test.dir/Drivers/STM32F4xx_HAL_Driver/Src/stm32f4xx_hal_i2c.c.obj
                0x08004bdc                HAL_I2C_MemTxCpltCallback
 .text.HAL_I2C_MemRxCpltCallback
                0x08004bf0       0x14 CMakeFiles/GraviTE_test.dir/Drivers/STM32F4xx_HAL_Driver/Src/stm32f4xx_hal_i2c.c.obj
                0x08004bf0                HAL_I2C_MemRxCpltCallback
 .text.HAL_I2C_ErrorCallback
                0x08004c04       0x14 CMakeFiles/GraviTE_test.dir/Drivers/STM32F4xx_HAL_Driver/Src/stm32f4xx_hal_i2c.c.obj
                0x08004c04                HAL_I2C_ErrorCallback
 .text.HAL_I2C_AbortCpltCallback
                0x08004c18       0x14 CMakeFiles/GraviTE_test.dir/Drivers/STM32F4xx_HAL_Driver/Src/stm32f4xx_hal_i2c.c.obj
                0x08004c18                HAL_I2C_AbortCpltCallback
 .text.I2C_MasterTransmit_TXE
                0x08004c2c      0x13e CMakeFiles/GraviTE_test.dir/Drivers/STM32F4xx_HAL_Driver/Src/stm32f4xx_hal_i2c.c.obj
 .text.I2C_MasterTransmit_BTF
                0x08004d6a       0xf2 CMakeFiles/GraviTE_test.dir/Drivers/STM32F4xx_HAL_Driver/Src/stm32f4xx_hal_i2c.c.obj
 .text.I2C_MemoryTransmit_TXE_BTF
                0x08004e5c      0x132 CMakeFiles/GraviTE_test.dir/Drivers/STM32F4xx_HAL_Driver/Src/stm32f4xx_hal_i2c.c.obj
 .text.I2C_MasterReceive_RXNE
                0x08004f8e      0x198 CMakeFiles/GraviTE_test.dir/Drivers/STM32F4xx_HAL_Driver/Src/stm32f4xx_hal_i2c.c.obj
 .text.I2C_MasterReceive_BTF
                0x08005126      0x1e6 CMakeFiles/GraviTE_test.dir/Drivers/STM32F4xx_HAL_Driver/Src/stm32f4xx_hal_i2c.c.obj
 .text.I2C_Master_SB
                0x0800530c      0x10c CMakeFiles/GraviTE_test.dir/Drivers/STM32F4xx_HAL_Driver/Src/stm32f4xx_hal_i2c.c.obj
 .text.I2C_Master_ADD10
                0x08005418       0x54 CMakeFiles/GraviTE_test.dir/Drivers/STM32F4xx_HAL_Driver/Src/stm32f4xx_hal_i2c.c.obj
 .text.I2C_Master_ADDR
                0x0800546c      0x322 CMakeFiles/GraviTE_test.dir/Drivers/STM32F4xx_HAL_Driver/Src/stm32f4xx_hal_i2c.c.obj
 .text.I2C_SlaveTransmit_TXE
                0x0800578e       0x7c CMakeFiles/GraviTE_test.dir/Drivers/STM32F4xx_HAL_Driver/Src/stm32f4xx_hal_i2c.c.obj
 .text.I2C_SlaveTransmit_BTF
                0x0800580a       0x42 CMakeFiles/GraviTE_test.dir/Drivers/STM32F4xx_HAL_Driver/Src/stm32f4xx_hal_i2c.c.obj
 .text.I2C_SlaveReceive_RXNE
                0x0800584c       0x7e CMakeFiles/GraviTE_test.dir/Drivers/STM32F4xx_HAL_Driver/Src/stm32f4xx_hal_i2c.c.obj
 .text.I2C_SlaveReceive_BTF
                0x080058ca       0x44 CMakeFiles/GraviTE_test.dir/Drivers/STM32F4xx_HAL_Driver/Src/stm32f4xx_hal_i2c.c.obj
 .text.I2C_Slave_ADDR
                0x0800590e       0x90 CMakeFiles/GraviTE_test.dir/Drivers/STM32F4xx_HAL_Driver/Src/stm32f4xx_hal_i2c.c.obj
 *fill*         0x0800599e        0x2 
 .text.I2C_Slave_STOPF
                0x080059a0      0x268 CMakeFiles/GraviTE_test.dir/Drivers/STM32F4xx_HAL_Driver/Src/stm32f4xx_hal_i2c.c.obj
 .text.I2C_ITError
                0x08005c08      0x26c CMakeFiles/GraviTE_test.dir/Drivers/STM32F4xx_HAL_Driver/Src/stm32f4xx_hal_i2c.c.obj
 .text.I2C_DMAAbort
                0x08005e74      0x154 CMakeFiles/GraviTE_test.dir/Drivers/STM32F4xx_HAL_Driver/Src/stm32f4xx_hal_i2c.c.obj
 .text.I2C_WaitOnSTOPRequestThroughIT
                0x08005fc8       0x64 CMakeFiles/GraviTE_test.dir/Drivers/STM32F4xx_HAL_Driver/Src/stm32f4xx_hal_i2c.c.obj
 .text.I2C_ConvertOtherXferOptions
                0x0800602c       0x36 CMakeFiles/GraviTE_test.dir/Drivers/STM32F4xx_HAL_Driver/Src/stm32f4xx_hal_i2c.c.obj
 .text.HAL_I2CEx_ConfigAnalogFilter
                0x08006062       0x78 CMakeFiles/GraviTE_test.dir/Drivers/STM32F4xx_HAL_Driver/Src/stm32f4xx_hal_i2c_ex.c.obj
                0x08006062                HAL_I2CEx_ConfigAnalogFilter
 .text.HAL_I2CEx_ConfigDigitalFilter
                0x080060da       0x7e CMakeFiles/GraviTE_test.dir/Drivers/STM32F4xx_HAL_Driver/Src/stm32f4xx_hal_i2c_ex.c.obj
                0x080060da                HAL_I2CEx_ConfigDigitalFilter
 .text.HAL_RTC_Init
                0x08006158      0x102 CMakeFiles/GraviTE_test.dir/Drivers/STM32F4xx_HAL_Driver/Src/stm32f4xx_hal_rtc.c.obj
                0x08006158                HAL_RTC_Init
 *fill*         0x0800625a        0x2 
 .text.HAL_RTC_WaitForSynchro
                0x0800625c       0x4c CMakeFiles/GraviTE_test.dir/Drivers/STM32F4xx_HAL_Driver/Src/stm32f4xx_hal_rtc.c.obj
                0x0800625c                HAL_RTC_WaitForSynchro
 .text.RTC_EnterInitMode
                0x080062a8       0x6e CMakeFiles/GraviTE_test.dir/Drivers/STM32F4xx_HAL_Driver/Src/stm32f4xx_hal_rtc.c.obj
                0x080062a8                RTC_EnterInitMode
 .text.RTC_ExitInitMode
                0x08006316       0x4a CMakeFiles/GraviTE_test.dir/Drivers/STM32F4xx_HAL_Driver/Src/stm32f4xx_hal_rtc.c.obj
                0x08006316                RTC_ExitInitMode
 .text.HAL_SPI_Init
                0x08006360      0x112 CMakeFiles/GraviTE_test.dir/Drivers/STM32F4xx_HAL_Driver/Src/stm32f4xx_hal_spi.c.obj
                0x08006360                HAL_SPI_Init
 .text.HAL_UART_Init
                0x08006472       0xa0 CMakeFiles/GraviTE_test.dir/Drivers/STM32F4xx_HAL_Driver/Src/stm32f4xx_hal_uart.c.obj
                0x08006472                HAL_UART_Init
 .text.HAL_UART_Transmit
                0x08006512      0x116 CMakeFiles/GraviTE_test.dir/Drivers/STM32F4xx_HAL_Driver/Src/stm32f4xx_hal_uart.c.obj
                0x08006512                HAL_UART_Transmit
 .text.HAL_UART_Receive_DMA
                0x08006628       0x4a CMakeFiles/GraviTE_test.dir/Drivers/STM32F4xx_HAL_Driver/Src/stm32f4xx_hal_uart.c.obj
                0x08006628                HAL_UART_Receive_DMA
 .text.HAL_UART_RxHalfCpltCallback
                0x08006672       0x14 CMakeFiles/GraviTE_test.dir/Drivers/STM32F4xx_HAL_Driver/Src/stm32f4xx_hal_uart.c.obj
                0x08006672                HAL_UART_RxHalfCpltCallback
 .text.HAL_UART_ErrorCallback
                0x08006686       0x14 CMakeFiles/GraviTE_test.dir/Drivers/STM32F4xx_HAL_Driver/Src/stm32f4xx_hal_uart.c.obj
                0x08006686                HAL_UART_ErrorCallback
 .text.HAL_UARTEx_RxEventCallback
                0x0800669a       0x18 CMakeFiles/GraviTE_test.dir/Drivers/STM32F4xx_HAL_Driver/Src/stm32f4xx_hal_uart.c.obj
                0x0800669a                HAL_UARTEx_RxEventCallback
 .text.UART_DMAReceiveCplt
                0x080066b2      0x12c CMakeFiles/GraviTE_test.dir/Drivers/STM32F4xx_HAL_Driver/Src/stm32f4xx_hal_uart.c.obj
 .text.UART_DMARxHalfCplt
                0x080067de       0x3c CMakeFiles/GraviTE_test.dir/Drivers/STM32F4xx_HAL_Driver/Src/stm32f4xx_hal_uart.c.obj
 .text.UART_DMAError
                0x0800681a       0x94 CMakeFiles/GraviTE_test.dir/Drivers/STM32F4xx_HAL_Driver/Src/stm32f4xx_hal_uart.c.obj
 .text.UART_WaitOnFlagUntilTimeout
                0x080068ae       0xb2 CMakeFiles/GraviTE_test.dir/Drivers/STM32F4xx_HAL_Driver/Src/stm32f4xx_hal_uart.c.obj
 .text.UART_Start_Receive_DMA
                0x08006960      0x14c CMakeFiles/GraviTE_test.dir/Drivers/STM32F4xx_HAL_Driver/Src/stm32f4xx_hal_uart.c.obj
                0x08006960                UART_Start_Receive_DMA
 .text.UART_EndTxTransfer
                0x08006aac       0x50 CMakeFiles/GraviTE_test.dir/Drivers/STM32F4xx_HAL_Driver/Src/stm32f4xx_hal_uart.c.obj
 .text.UART_EndRxTransfer
                0x08006afc       0xc6 CMakeFiles/GraviTE_test.dir/Drivers/STM32F4xx_HAL_Driver/Src/stm32f4xx_hal_uart.c.obj
 *fill*         0x08006bc2        0x2 
 .text.UART_SetConfig
                0x08006bc4      0x4e8 CMakeFiles/GraviTE_test.dir/Drivers/STM32F4xx_HAL_Driver/Src/stm32f4xx_hal_uart.c.obj
 .text.SystemInit
                0x080070ac       0x24 CMakeFiles/GraviTE_test.dir/Core/Src/system_stm32f4xx.c.obj
                0x080070ac                SystemInit
 .text.Reset_Handler
                0x080070d0       0x50 CMakeFiles/GraviTE_test.dir/startup_stm32f429xx.s.obj
                0x080070d0                Reset_Handler
 .text.Default_Handler
                0x08007120        0x2 CMakeFiles/GraviTE_test.dir/startup_stm32f429xx.s.obj
                0x08007120                RTC_Alarm_IRQHandler
                0x08007120                HASH_RNG_IRQHandler
                0x08007120                EXTI2_IRQHandler
                0x08007120                TIM8_CC_IRQHandler
                0x08007120                UART8_IRQHandler
                0x08007120                SPI4_IRQHandler
                0x08007120                TIM1_CC_IRQHandler
                0x08007120                DMA2_Stream5_IRQHandler
                0x08007120                DMA1_Stream5_IRQHandler
                0x08007120                PVD_IRQHandler
                0x08007120                SDIO_IRQHandler
                0x08007120                TAMP_STAMP_IRQHandler
                0x08007120                CAN2_RX1_IRQHandler
                0x08007120                EXTI3_IRQHandler
                0x08007120                TIM8_TRG_COM_TIM14_IRQHandler
                0x08007120                TIM8_UP_TIM13_IRQHandler
                0x08007120                I2C3_ER_IRQHandler
                0x08007120                EXTI0_IRQHandler
                0x08007120                DMA1_Stream2_IRQHandler
                0x08007120                CAN1_RX0_IRQHandler
                0x08007120                FPU_IRQHandler
                0x08007120                OTG_HS_WKUP_IRQHandler
                0x08007120                LTDC_ER_IRQHandler
                0x08007120                CAN2_SCE_IRQHandler
                0x08007120                SPI1_IRQHandler
                0x08007120                TIM6_DAC_IRQHandler
                0x08007120                TIM1_BRK_TIM9_IRQHandler
                0x08007120                DCMI_IRQHandler
                0x08007120                CAN2_RX0_IRQHandler
                0x08007120                DMA2_Stream3_IRQHandler
                0x08007120                USART6_IRQHandler
                0x08007120                USART3_IRQHandler
                0x08007120                CAN1_RX1_IRQHandler
                0x08007120                UART5_IRQHandler
                0x08007120                TIM4_IRQHandler
                0x08007120                I2C1_EV_IRQHandler
                0x08007120                DMA1_Stream6_IRQHandler
                0x08007120                DMA1_Stream1_IRQHandler
                0x08007120                UART4_IRQHandler
                0x08007120                TIM3_IRQHandler
                0x08007120                RCC_IRQHandler
                0x08007120                TIM8_BRK_TIM12_IRQHandler
                0x08007120                Default_Handler
                0x08007120                EXTI15_10_IRQHandler
                0x08007120                DMA1_Stream7_IRQHandler
                0x08007120                SPI5_IRQHandler
                0x08007120                TIM7_IRQHandler
                0x08007120                CAN2_TX_IRQHandler
                0x08007120                TIM5_IRQHandler
                0x08007120                RTC_WKUP_IRQHandler
                0x08007120                LTDC_IRQHandler
                0x08007120                ETH_WKUP_IRQHandler
                0x08007120                SPI2_IRQHandler
                0x08007120                OTG_HS_EP1_IN_IRQHandler
                0x08007120                DMA1_Stream0_IRQHandler
                0x08007120                CAN1_TX_IRQHandler
                0x08007120                EXTI4_IRQHandler
                0x08007120                ETH_IRQHandler
                0x08007120                OTG_HS_EP1_OUT_IRQHandler
                0x08007120                WWDG_IRQHandler
                0x08007120                SPI6_IRQHandler
                0x08007120                TIM2_IRQHandler
                0x08007120                OTG_FS_WKUP_IRQHandler
                0x08007120                TIM1_TRG_COM_TIM11_IRQHandler
                0x08007120                OTG_HS_IRQHandler
                0x08007120                DMA2D_IRQHandler
                0x08007120                EXTI1_IRQHandler
                0x08007120                UART7_IRQHandler
                0x08007120                USART2_IRQHandler
                0x08007120                I2C2_ER_IRQHandler
                0x08007120                DMA2_Stream1_IRQHandler
                0x08007120                CAN1_SCE_IRQHandler
                0x08007120                FLASH_IRQHandler
                0x08007120                DMA2_Stream4_IRQHandler
                0x08007120                USART1_IRQHandler
                0x08007120                OTG_FS_IRQHandler
                0x08007120                SPI3_IRQHandler
                0x08007120                DMA1_Stream4_IRQHandler
                0x08007120                I2C1_ER_IRQHandler
                0x08007120                FMC_IRQHandler
                0x08007120                DMA2_Stream6_IRQHandler
                0x08007120                SAI1_IRQHandler
                0x08007120                DMA1_Stream3_IRQHandler
 *(.glue_7)
 .glue_7        0x08007122        0x0 linker stubs
 *(.glue_7t)
 .glue_7t       0x08007122        0x0 linker stubs
 *(.eh_frame)
 *fill*         0x08007122        0x2 
 .eh_frame      0x08007124        0x0 C:/ST/STM32CubeCLT_1.16.0/GNU-tools-for-STM32/bin/../lib/gcc/arm-none-eabi/12.3.1/thumb/v7e-m+fp/hard/crtbegin.o
 *(.init)
 .init          0x08007124        0x4 C:/ST/STM32CubeCLT_1.16.0/GNU-tools-for-STM32/bin/../lib/gcc/arm-none-eabi/12.3.1/thumb/v7e-m+fp/hard/crti.o
                0x08007124                _init
 .init          0x08007128        0x8 C:/ST/STM32CubeCLT_1.16.0/GNU-tools-for-STM32/bin/../lib/gcc/arm-none-eabi/12.3.1/thumb/v7e-m+fp/hard/crtn.o
 *(.fini)
 .fini          0x08007130        0x4 C:/ST/STM32CubeCLT_1.16.0/GNU-tools-for-STM32/bin/../lib/gcc/arm-none-eabi/12.3.1/thumb/v7e-m+fp/hard/crti.o
                0x08007130                _fini
 .fini          0x08007134        0x8 C:/ST/STM32CubeCLT_1.16.0/GNU-tools-for-STM32/bin/../lib/gcc/arm-none-eabi/12.3.1/thumb/v7e-m+fp/hard/crtn.o
                0x0800713c                        . = ALIGN (0x4)
                0x0800713c                        _etext = .

.vfp11_veneer   0x0800713c        0x0
 .vfp11_veneer  0x0800713c        0x0 linker stubs

.v4_bx          0x0800713c        0x0
 .v4_bx         0x0800713c        0x0 linker stubs

.iplt           0x0800713c        0x0
 .iplt          0x0800713c        0x0 C:/ST/STM32CubeCLT_1.16.0/GNU-tools-for-STM32/bin/../lib/gcc/arm-none-eabi/12.3.1/thumb/v7e-m+fp/hard/crtbegin.o

.rodata         0x0800713c       0xe8
                0x0800713c                        . = ALIGN (0x4)
 *(.rodata)
 *(.rodata*)
 .rodata.peripheral_map
                0x0800713c       0xc8 CMakeFiles/GraviTE_test.dir/Core/Src/main.c.obj
                0x0800713c                peripheral_map
 .rodata.flagBitshiftOffset.0
                0x08007204        0x8 CMakeFiles/GraviTE_test.dir/Drivers/STM32F4xx_HAL_Driver/Src/stm32f4xx_hal_dma.c.obj
 .rodata.AHBPrescTable
                0x0800720c       0x10 CMakeFiles/GraviTE_test.dir/Core/Src/system_stm32f4xx.c.obj
                0x0800720c                AHBPrescTable
 .rodata.APBPrescTable
                0x0800721c        0x8 CMakeFiles/GraviTE_test.dir/Core/Src/system_stm32f4xx.c.obj
                0x0800721c                APBPrescTable
                0x08007224                        . = ALIGN (0x4)

.ARM.extab
 *(.ARM.extab* .gnu.linkonce.armextab.*)

.ARM            0x08007224        0x8
                0x08007224                        __exidx_start = .
 *(.ARM.exidx*)
 .ARM.exidx     0x08007224        0x8 C:/ST/STM32CubeCLT_1.16.0/GNU-tools-for-STM32/bin/../lib/gcc/arm-none-eabi/12.3.1/thumb/v7e-m+fp/hard\libgcc.a(_udivmoddi4.o)
                0x0800722c                        __exidx_end = .

.rel.dyn        0x0800722c        0x0
 .rel.iplt      0x0800722c        0x0 C:/ST/STM32CubeCLT_1.16.0/GNU-tools-for-STM32/bin/../lib/gcc/arm-none-eabi/12.3.1/thumb/v7e-m+fp/hard/crtbegin.o

.preinit_array  0x0800722c        0x0
                0x0800722c                        PROVIDE (__preinit_array_start = .)
 *(.preinit_array*)
                0x0800722c                        PROVIDE (__preinit_array_end = .)

.init_array     0x0800722c        0x4
                0x0800722c                        PROVIDE (__init_array_start = .)
 *(SORT_BY_NAME(.init_array.*))
 *(.init_array*)
 .init_array    0x0800722c        0x4 C:/ST/STM32CubeCLT_1.16.0/GNU-tools-for-STM32/bin/../lib/gcc/arm-none-eabi/12.3.1/thumb/v7e-m+fp/hard/crtbegin.o
                0x08007230                        PROVIDE (__init_array_end = .)

.fini_array     0x08007230        0x4
                [!provide]                        PROVIDE (__fini_array_start = .)
 *(SORT_BY_NAME(.fini_array.*))
 *(.fini_array*)
 .fini_array    0x08007230        0x4 C:/ST/STM32CubeCLT_1.16.0/GNU-tools-for-STM32/bin/../lib/gcc/arm-none-eabi/12.3.1/thumb/v7e-m+fp/hard/crtbegin.o
                [!provide]                        PROVIDE (__fini_array_end = .)
                0x08007234                        _sidata = LOADADDR (.data)

.data           0x20000000        0xc load address 0x08007234
                0x20000000                        . = ALIGN (0x4)
                0x20000000                        _sdata = .
 *(.data)
 *(.data*)
 .data.uwTickPrio
                0x20000000        0x4 CMakeFiles/GraviTE_test.dir/Drivers/STM32F4xx_HAL_Driver/Src/stm32f4xx_hal.c.obj
                0x20000000                uwTickPrio
 .data.uwTickFreq
                0x20000004        0x1 CMakeFiles/GraviTE_test.dir/Drivers/STM32F4xx_HAL_Driver/Src/stm32f4xx_hal.c.obj
                0x20000004                uwTickFreq
 *fill*         0x20000005        0x3 
 .data.SystemCoreClock
                0x20000008        0x4 CMakeFiles/GraviTE_test.dir/Core/Src/system_stm32f4xx.c.obj
                0x20000008                SystemCoreClock
                0x2000000c                        . = ALIGN (0x4)
                0x2000000c                        _edata = .
                0x08007240                        _siccmram = LOADADDR (.ccmram)

.igot.plt       0x2000000c        0x0 load address 0x08007240
 .igot.plt      0x2000000c        0x0 C:/ST/STM32CubeCLT_1.16.0/GNU-tools-for-STM32/bin/../lib/gcc/arm-none-eabi/12.3.1/thumb/v7e-m+fp/hard/crtbegin.o

.ccmram         0x10000000        0x0 load address 0x08007240
                0x10000000                        . = ALIGN (0x4)
                0x10000000                        _sccmram = .
 *(.ccmram)
 *(.ccmram*)
                0x10000000                        . = ALIGN (0x4)
                0x10000000                        _eccmram = .
                0x10000000                        . = ALIGN (0x4)

.bss            0x2000000c      0x4c0
                0x2000000c                        _sbss = .
                0x2000000c                        __bss_start__ = _sbss
 *(.bss)
 .bss           0x2000000c       0x1c C:/ST/STM32CubeCLT_1.16.0/GNU-tools-for-STM32/bin/../lib/gcc/arm-none-eabi/12.3.1/thumb/v7e-m+fp/hard/crtbegin.o
 *(.bss*)
 .bss.Rx_buffer
                0x20000028        0x1 CMakeFiles/GraviTE_test.dir/Core/Src/main.c.obj
 *fill*         0x20000029        0x3 
 .bss.hadc1     0x2000002c       0x48 CMakeFiles/GraviTE_test.dir/Core/Src/adc.c.obj
                0x2000002c                hadc1
 .bss.hdma_adc1
                0x20000074       0x60 CMakeFiles/GraviTE_test.dir/Core/Src/adc.c.obj
                0x20000074                hdma_adc1
 .bss.hi2c1     0x200000d4       0x84 CMakeFiles/GraviTE_test.dir/Core/Src/i2c.c.obj
                0x200000d4                hi2c1
 .bss.hi2c2     0x20000158       0x84 CMakeFiles/GraviTE_test.dir/Core/Src/i2c.c.obj
                0x20000158                hi2c2
 .bss.hi2c3     0x200001dc       0x84 CMakeFiles/GraviTE_test.dir/Core/Src/i2c.c.obj
                0x200001dc                hi2c3
 .bss.hrtc      0x20000260       0x20 CMakeFiles/GraviTE_test.dir/Core/Src/rtc.c.obj
                0x20000260                hrtc
 .bss.hspi3     0x20000280       0x58 CMakeFiles/GraviTE_test.dir/Core/Src/spi.c.obj
                0x20000280                hspi3
 .bss.hspi4     0x200002d8       0x58 CMakeFiles/GraviTE_test.dir/Core/Src/spi.c.obj
                0x200002d8                hspi4
 .bss.htim13    0x20000330       0x48 CMakeFiles/GraviTE_test.dir/Core/Src/tim.c.obj
                0x20000330                htim13
 .bss.huart1    0x20000378       0x48 CMakeFiles/GraviTE_test.dir/Core/Src/usart.c.obj
                0x20000378                huart1
 .bss.hdma_usart1_rx
                0x200003c0       0x60 CMakeFiles/GraviTE_test.dir/Core/Src/usart.c.obj
                0x200003c0                hdma_usart1_rx
 .bss.hdma_usart1_tx
                0x20000420       0x60 CMakeFiles/GraviTE_test.dir/Core/Src/usart.c.obj
                0x20000420                hdma_usart1_tx
 .bss.htim1     0x20000480       0x48 CMakeFiles/GraviTE_test.dir/Core/Src/stm32f4xx_hal_timebase_tim.c.obj
                0x20000480                htim1
 .bss.uwTick    0x200004c8        0x4 CMakeFiles/GraviTE_test.dir/Drivers/STM32F4xx_HAL_Driver/Src/stm32f4xx_hal.c.obj
                0x200004c8                uwTick
 *(COMMON)
                0x200004cc                        . = ALIGN (0x4)
                0x200004cc                        _ebss = .
                0x200004cc                        __bss_end__ = _ebss

._user_heap_stack
                0x200004cc      0x604
                0x200004d0                        . = ALIGN (0x8)
 *fill*         0x200004cc        0x4 
                [!provide]                        PROVIDE (end = .)
                0x200004d0                        PROVIDE (_end = .)
                0x200006d0                        . = (. + _Min_Heap_Size)
 *fill*         0x200004d0      0x200 
                0x20000ad0                        . = (. + _Min_Stack_Size)
 *fill*         0x200006d0      0x400 
                0x20000ad0                        . = ALIGN (0x8)

/DISCARD/
 libc.a(*)
 libm.a(*)
 libgcc.a(*)
OUTPUT(GraviTE_test.elf elf32-littlearm)
LOAD linker stubs
LOAD C:/ST/STM32CubeCLT_1.16.0/GNU-tools-for-STM32/bin/../lib/gcc/arm-none-eabi/12.3.1/../../../../arm-none-eabi/lib/thumb/v7e-m+fp/hard\libc.a
LOAD C:/ST/STM32CubeCLT_1.16.0/GNU-tools-for-STM32/bin/../lib/gcc/arm-none-eabi/12.3.1/../../../../arm-none-eabi/lib/thumb/v7e-m+fp/hard\libm.a
LOAD C:/ST/STM32CubeCLT_1.16.0/GNU-tools-for-STM32/bin/../lib/gcc/arm-none-eabi/12.3.1/thumb/v7e-m+fp/hard\libgcc.a

.ARM.attributes
                0x00000000       0x30
 .ARM.attributes
                0x00000000       0x22 C:/ST/STM32CubeCLT_1.16.0/GNU-tools-for-STM32/bin/../lib/gcc/arm-none-eabi/12.3.1/thumb/v7e-m+fp/hard/crti.o
 .ARM.attributes
                0x00000022       0x34 C:/ST/STM32CubeCLT_1.16.0/GNU-tools-for-STM32/bin/../lib/gcc/arm-none-eabi/12.3.1/thumb/v7e-m+fp/hard/crtbegin.o
 .ARM.attributes
                0x00000056       0x34 C:/ST/STM32CubeCLT_1.16.0/GNU-tools-for-STM32/bin/../lib/gcc/arm-none-eabi/12.3.1/../../../../arm-none-eabi/lib/thumb/v7e-m+fp/hard\libc_nano.a(libc_a-memset.o)
 .ARM.attributes
                0x0000008a       0x34 C:/ST/STM32CubeCLT_1.16.0/GNU-tools-for-STM32/bin/../lib/gcc/arm-none-eabi/12.3.1/../../../../arm-none-eabi/lib/thumb/v7e-m+fp/hard\libc_nano.a(libc_a-init.o)
 .ARM.attributes
                0x000000be       0x34 CMakeFiles/GraviTE_test.dir/Core/Src/main.c.obj
 .ARM.attributes
                0x000000f2       0x34 CMakeFiles/GraviTE_test.dir/Core/Src/gpio.c.obj
 .ARM.attributes
                0x00000126       0x34 CMakeFiles/GraviTE_test.dir/Core/Src/adc.c.obj
 .ARM.attributes
                0x0000015a       0x34 CMakeFiles/GraviTE_test.dir/Core/Src/dma.c.obj
 .ARM.attributes
                0x0000018e       0x34 CMakeFiles/GraviTE_test.dir/Core/Src/i2c.c.obj
 .ARM.attributes
                0x000001c2       0x34 CMakeFiles/GraviTE_test.dir/Core/Src/rtc.c.obj
 .ARM.attributes
                0x000001f6       0x34 CMakeFiles/GraviTE_test.dir/Core/Src/spi.c.obj
 .ARM.attributes
                0x0000022a       0x34 CMakeFiles/GraviTE_test.dir/Core/Src/tim.c.obj
 .ARM.attributes
                0x0000025e       0x34 CMakeFiles/GraviTE_test.dir/Core/Src/usart.c.obj
 .ARM.attributes
                0x00000292       0x34 CMakeFiles/GraviTE_test.dir/Core/Src/stm32f4xx_it.c.obj
 .ARM.attributes
                0x000002c6       0x34 CMakeFiles/GraviTE_test.dir/Core/Src/stm32f4xx_hal_msp.c.obj
 .ARM.attributes
                0x000002fa       0x34 CMakeFiles/GraviTE_test.dir/Core/Src/stm32f4xx_hal_timebase_tim.c.obj
 .ARM.attributes
                0x0000032e       0x34 CMakeFiles/GraviTE_test.dir/Drivers/STM32F4xx_HAL_Driver/Src/stm32f4xx_hal_tim.c.obj
 .ARM.attributes
                0x00000362       0x34 CMakeFiles/GraviTE_test.dir/Drivers/STM32F4xx_HAL_Driver/Src/stm32f4xx_hal_tim_ex.c.obj
 .ARM.attributes
                0x00000396       0x34 CMakeFiles/GraviTE_test.dir/Drivers/STM32F4xx_HAL_Driver/Src/stm32f4xx_hal_adc.c.obj
 .ARM.attributes
                0x000003ca       0x34 CMakeFiles/GraviTE_test.dir/Drivers/STM32F4xx_HAL_Driver/Src/stm32f4xx_hal_adc_ex.c.obj
 .ARM.attributes
                0x000003fe       0x34 CMakeFiles/GraviTE_test.dir/Drivers/STM32F4xx_HAL_Driver/Src/stm32f4xx_hal_rcc.c.obj
 .ARM.attributes
                0x00000432       0x34 CMakeFiles/GraviTE_test.dir/Drivers/STM32F4xx_HAL_Driver/Src/stm32f4xx_hal_rcc_ex.c.obj
 .ARM.attributes
                0x00000466       0x34 CMakeFiles/GraviTE_test.dir/Drivers/STM32F4xx_HAL_Driver/Src/stm32f4xx_hal_gpio.c.obj
 .ARM.attributes
                0x0000049a       0x34 CMakeFiles/GraviTE_test.dir/Drivers/STM32F4xx_HAL_Driver/Src/stm32f4xx_hal_dma.c.obj
 .ARM.attributes
                0x000004ce       0x34 CMakeFiles/GraviTE_test.dir/Drivers/STM32F4xx_HAL_Driver/Src/stm32f4xx_hal_pwr_ex.c.obj
 .ARM.attributes
                0x00000502       0x34 CMakeFiles/GraviTE_test.dir/Drivers/STM32F4xx_HAL_Driver/Src/stm32f4xx_hal_cortex.c.obj
 .ARM.attributes
                0x00000536       0x34 CMakeFiles/GraviTE_test.dir/Drivers/STM32F4xx_HAL_Driver/Src/stm32f4xx_hal.c.obj
 .ARM.attributes
                0x0000056a       0x34 CMakeFiles/GraviTE_test.dir/Drivers/STM32F4xx_HAL_Driver/Src/stm32f4xx_hal_i2c.c.obj
 .ARM.attributes
                0x0000059e       0x34 CMakeFiles/GraviTE_test.dir/Drivers/STM32F4xx_HAL_Driver/Src/stm32f4xx_hal_i2c_ex.c.obj
 .ARM.attributes
                0x000005d2       0x34 CMakeFiles/GraviTE_test.dir/Drivers/STM32F4xx_HAL_Driver/Src/stm32f4xx_hal_rtc.c.obj
 .ARM.attributes
                0x00000606       0x34 CMakeFiles/GraviTE_test.dir/Drivers/STM32F4xx_HAL_Driver/Src/stm32f4xx_hal_spi.c.obj
 .ARM.attributes
                0x0000063a       0x34 CMakeFiles/GraviTE_test.dir/Drivers/STM32F4xx_HAL_Driver/Src/stm32f4xx_hal_uart.c.obj
 .ARM.attributes
                0x0000066e       0x34 CMakeFiles/GraviTE_test.dir/Core/Src/system_stm32f4xx.c.obj
 .ARM.attributes
                0x000006a2       0x21 CMakeFiles/GraviTE_test.dir/startup_stm32f429xx.s.obj
 .ARM.attributes
                0x000006c3       0x22 C:/ST/STM32CubeCLT_1.16.0/GNU-tools-for-STM32/bin/../lib/gcc/arm-none-eabi/12.3.1/thumb/v7e-m+fp/hard\libgcc.a(_aeabi_uldivmod.o)
 .ARM.attributes
                0x000006e5       0x34 C:/ST/STM32CubeCLT_1.16.0/GNU-tools-for-STM32/bin/../lib/gcc/arm-none-eabi/12.3.1/thumb/v7e-m+fp/hard\libgcc.a(_udivmoddi4.o)
 .ARM.attributes
                0x00000719       0x22 C:/ST/STM32CubeCLT_1.16.0/GNU-tools-for-STM32/bin/../lib/gcc/arm-none-eabi/12.3.1/thumb/v7e-m+fp/hard\libgcc.a(_dvmd_tls.o)
 .ARM.attributes
                0x0000073b       0x22 C:/ST/STM32CubeCLT_1.16.0/GNU-tools-for-STM32/bin/../lib/gcc/arm-none-eabi/12.3.1/thumb/v7e-m+fp/hard/crtn.o

.comment        0x00000000       0x43
 .comment       0x00000000       0x43 CMakeFiles/GraviTE_test.dir/Core/Src/main.c.obj
                                 0x44 (size before relaxing)
 .comment       0x00000043       0x44 CMakeFiles/GraviTE_test.dir/Core/Src/gpio.c.obj
 .comment       0x00000043       0x44 CMakeFiles/GraviTE_test.dir/Core/Src/adc.c.obj
 .comment       0x00000043       0x44 CMakeFiles/GraviTE_test.dir/Core/Src/dma.c.obj
 .comment       0x00000043       0x44 CMakeFiles/GraviTE_test.dir/Core/Src/i2c.c.obj
 .comment       0x00000043       0x44 CMakeFiles/GraviTE_test.dir/Core/Src/rtc.c.obj
 .comment       0x00000043       0x44 CMakeFiles/GraviTE_test.dir/Core/Src/spi.c.obj
 .comment       0x00000043       0x44 CMakeFiles/GraviTE_test.dir/Core/Src/tim.c.obj
 .comment       0x00000043       0x44 CMakeFiles/GraviTE_test.dir/Core/Src/usart.c.obj
 .comment       0x00000043       0x44 CMakeFiles/GraviTE_test.dir/Core/Src/stm32f4xx_it.c.obj
 .comment       0x00000043       0x44 CMakeFiles/GraviTE_test.dir/Core/Src/stm32f4xx_hal_msp.c.obj
 .comment       0x00000043       0x44 CMakeFiles/GraviTE_test.dir/Core/Src/stm32f4xx_hal_timebase_tim.c.obj
 .comment       0x00000043       0x44 CMakeFiles/GraviTE_test.dir/Drivers/STM32F4xx_HAL_Driver/Src/stm32f4xx_hal_tim.c.obj
 .comment       0x00000043       0x44 CMakeFiles/GraviTE_test.dir/Drivers/STM32F4xx_HAL_Driver/Src/stm32f4xx_hal_tim_ex.c.obj
 .comment       0x00000043       0x44 CMakeFiles/GraviTE_test.dir/Drivers/STM32F4xx_HAL_Driver/Src/stm32f4xx_hal_adc.c.obj
 .comment       0x00000043       0x44 CMakeFiles/GraviTE_test.dir/Drivers/STM32F4xx_HAL_Driver/Src/stm32f4xx_hal_adc_ex.c.obj
 .comment       0x00000043       0x44 CMakeFiles/GraviTE_test.dir/Drivers/STM32F4xx_HAL_Driver/Src/stm32f4xx_hal_rcc.c.obj
 .comment       0x00000043       0x44 CMakeFiles/GraviTE_test.dir/Drivers/STM32F4xx_HAL_Driver/Src/stm32f4xx_hal_rcc_ex.c.obj
 .comment       0x00000043       0x44 CMakeFiles/GraviTE_test.dir/Drivers/STM32F4xx_HAL_Driver/Src/stm32f4xx_hal_gpio.c.obj
 .comment       0x00000043       0x44 CMakeFiles/GraviTE_test.dir/Drivers/STM32F4xx_HAL_Driver/Src/stm32f4xx_hal_dma.c.obj
 .comment       0x00000043       0x44 CMakeFiles/GraviTE_test.dir/Drivers/STM32F4xx_HAL_Driver/Src/stm32f4xx_hal_pwr_ex.c.obj
 .comment       0x00000043       0x44 CMakeFiles/GraviTE_test.dir/Drivers/STM32F4xx_HAL_Driver/Src/stm32f4xx_hal_cortex.c.obj
 .comment       0x00000043       0x44 CMakeFiles/GraviTE_test.dir/Drivers/STM32F4xx_HAL_Driver/Src/stm32f4xx_hal.c.obj
 .comment       0x00000043       0x44 CMakeFiles/GraviTE_test.dir/Drivers/STM32F4xx_HAL_Driver/Src/stm32f4xx_hal_i2c.c.obj
 .comment       0x00000043       0x44 CMakeFiles/GraviTE_test.dir/Drivers/STM32F4xx_HAL_Driver/Src/stm32f4xx_hal_i2c_ex.c.obj
 .comment       0x00000043       0x44 CMakeFiles/GraviTE_test.dir/Drivers/STM32F4xx_HAL_Driver/Src/stm32f4xx_hal_rtc.c.obj
 .comment       0x00000043       0x44 CMakeFiles/GraviTE_test.dir/Drivers/STM32F4xx_HAL_Driver/Src/stm32f4xx_hal_spi.c.obj
 .comment       0x00000043       0x44 CMakeFiles/GraviTE_test.dir/Drivers/STM32F4xx_HAL_Driver/Src/stm32f4xx_hal_uart.c.obj
 .comment       0x00000043       0x44 CMakeFiles/GraviTE_test.dir/Core/Src/system_stm32f4xx.c.obj

.debug_frame    0x00000000     0x5a0c
 .debug_frame   0x00000000       0x20 C:/ST/STM32CubeCLT_1.16.0/GNU-tools-for-STM32/bin/../lib/gcc/arm-none-eabi/12.3.1/../../../../arm-none-eabi/lib/thumb/v7e-m+fp/hard\libc_nano.a(libc_a-memset.o)
 .debug_frame   0x00000020       0x2c C:/ST/STM32CubeCLT_1.16.0/GNU-tools-for-STM32/bin/../lib/gcc/arm-none-eabi/12.3.1/../../../../arm-none-eabi/lib/thumb/v7e-m+fp/hard\libc_nano.a(libc_a-init.o)
 .debug_frame   0x0000004c       0xb0 CMakeFiles/GraviTE_test.dir/Core/Src/main.c.obj
 .debug_frame   0x000000fc       0x38 CMakeFiles/GraviTE_test.dir/Core/Src/gpio.c.obj
 .debug_frame   0x00000134       0x7c CMakeFiles/GraviTE_test.dir/Core/Src/adc.c.obj
 .debug_frame   0x000001b0       0x34 CMakeFiles/GraviTE_test.dir/Core/Src/dma.c.obj
 .debug_frame   0x000001e4       0xac CMakeFiles/GraviTE_test.dir/Core/Src/i2c.c.obj
 .debug_frame   0x00000290       0x78 CMakeFiles/GraviTE_test.dir/Core/Src/rtc.c.obj
 .debug_frame   0x00000308       0x90 CMakeFiles/GraviTE_test.dir/Core/Src/spi.c.obj
 .debug_frame   0x00000398       0xa8 CMakeFiles/GraviTE_test.dir/Core/Src/tim.c.obj
 .debug_frame   0x00000440       0x74 CMakeFiles/GraviTE_test.dir/Core/Src/usart.c.obj
 .debug_frame   0x000004b4      0x1e8 CMakeFiles/GraviTE_test.dir/Core/Src/stm32f4xx_it.c.obj
 .debug_frame   0x0000069c       0x38 CMakeFiles/GraviTE_test.dir/Core/Src/stm32f4xx_hal_msp.c.obj
 .debug_frame   0x000006d4       0x74 CMakeFiles/GraviTE_test.dir/Core/Src/stm32f4xx_hal_timebase_tim.c.obj
 .debug_frame   0x00000748     0x11c0 CMakeFiles/GraviTE_test.dir/Drivers/STM32F4xx_HAL_Driver/Src/stm32f4xx_hal_tim.c.obj
 .debug_frame   0x00001908      0x638 CMakeFiles/GraviTE_test.dir/Drivers/STM32F4xx_HAL_Driver/Src/stm32f4xx_hal_tim_ex.c.obj
 .debug_frame   0x00001f40      0x3fc CMakeFiles/GraviTE_test.dir/Drivers/STM32F4xx_HAL_Driver/Src/stm32f4xx_hal_adc.c.obj
 .debug_frame   0x0000233c      0x250 CMakeFiles/GraviTE_test.dir/Drivers/STM32F4xx_HAL_Driver/Src/stm32f4xx_hal_adc_ex.c.obj
 .debug_frame   0x0000258c      0x1f4 CMakeFiles/GraviTE_test.dir/Drivers/STM32F4xx_HAL_Driver/Src/stm32f4xx_hal_rcc.c.obj
 .debug_frame   0x00002780      0x13c CMakeFiles/GraviTE_test.dir/Drivers/STM32F4xx_HAL_Driver/Src/stm32f4xx_hal_rcc_ex.c.obj
 .debug_frame   0x000028bc      0x14c CMakeFiles/GraviTE_test.dir/Drivers/STM32F4xx_HAL_Driver/Src/stm32f4xx_hal_gpio.c.obj
 .debug_frame   0x00002a08      0x250 CMakeFiles/GraviTE_test.dir/Drivers/STM32F4xx_HAL_Driver/Src/stm32f4xx_hal_dma.c.obj
 .debug_frame   0x00002c58      0x14c CMakeFiles/GraviTE_test.dir/Drivers/STM32F4xx_HAL_Driver/Src/stm32f4xx_hal_pwr_ex.c.obj
 .debug_frame   0x00002da4      0x508 CMakeFiles/GraviTE_test.dir/Drivers/STM32F4xx_HAL_Driver/Src/stm32f4xx_hal_cortex.c.obj
 .debug_frame   0x000032ac      0x3b4 CMakeFiles/GraviTE_test.dir/Drivers/STM32F4xx_HAL_Driver/Src/stm32f4xx_hal.c.obj
 .debug_frame   0x00003660      0xd24 CMakeFiles/GraviTE_test.dir/Drivers/STM32F4xx_HAL_Driver/Src/stm32f4xx_hal_i2c.c.obj
 .debug_frame   0x00004384       0x60 CMakeFiles/GraviTE_test.dir/Drivers/STM32F4xx_HAL_Driver/Src/stm32f4xx_hal_i2c_ex.c.obj
 .debug_frame   0x000043e4      0x3f4 CMakeFiles/GraviTE_test.dir/Drivers/STM32F4xx_HAL_Driver/Src/stm32f4xx_hal_rtc.c.obj
 .debug_frame   0x000047d8      0x828 CMakeFiles/GraviTE_test.dir/Drivers/STM32F4xx_HAL_Driver/Src/stm32f4xx_hal_spi.c.obj
 .debug_frame   0x00005000      0x954 CMakeFiles/GraviTE_test.dir/Drivers/STM32F4xx_HAL_Driver/Src/stm32f4xx_hal_uart.c.obj
 .debug_frame   0x00005954       0x58 CMakeFiles/GraviTE_test.dir/Core/Src/system_stm32f4xx.c.obj
 .debug_frame   0x000059ac       0x2c C:/ST/STM32CubeCLT_1.16.0/GNU-tools-for-STM32/bin/../lib/gcc/arm-none-eabi/12.3.1/thumb/v7e-m+fp/hard\libgcc.a(_aeabi_uldivmod.o)
 .debug_frame   0x000059d8       0x34 C:/ST/STM32CubeCLT_1.16.0/GNU-tools-for-STM32/bin/../lib/gcc/arm-none-eabi/12.3.1/thumb/v7e-m+fp/hard\libgcc.a(_udivmoddi4.o)

.debug_info     0x00000000    0x18eea
 .debug_info    0x00000000      0xf8c CMakeFiles/GraviTE_test.dir/Core/Src/main.c.obj
 .debug_info    0x00000f8c      0x720 CMakeFiles/GraviTE_test.dir/Core/Src/gpio.c.obj
 .debug_info    0x000016ac      0xc93 CMakeFiles/GraviTE_test.dir/Core/Src/adc.c.obj
 .debug_info    0x0000233f      0x4fb CMakeFiles/GraviTE_test.dir/Core/Src/dma.c.obj
 .debug_info    0x0000283a      0xe05 CMakeFiles/GraviTE_test.dir/Core/Src/i2c.c.obj
 .debug_info    0x0000363f      0x5f9 CMakeFiles/GraviTE_test.dir/Core/Src/rtc.c.obj
 .debug_info    0x00003c38      0x9bd CMakeFiles/GraviTE_test.dir/Core/Src/spi.c.obj
 .debug_info    0x000045f5      0xb22 CMakeFiles/GraviTE_test.dir/Core/Src/tim.c.obj
 .debug_info    0x00005117      0x980 CMakeFiles/GraviTE_test.dir/Core/Src/usart.c.obj
 .debug_info    0x00005a97      0xdd6 CMakeFiles/GraviTE_test.dir/Core/Src/stm32f4xx_it.c.obj
 .debug_info    0x0000686d      0x281 CMakeFiles/GraviTE_test.dir/Core/Src/stm32f4xx_hal_msp.c.obj
 .debug_info    0x00006aee      0xc32 CMakeFiles/GraviTE_test.dir/Core/Src/stm32f4xx_hal_timebase_tim.c.obj
 .debug_info    0x00007720     0x299d CMakeFiles/GraviTE_test.dir/Drivers/STM32F4xx_HAL_Driver/Src/stm32f4xx_hal_tim.c.obj
 .debug_info    0x0000a0bd     0x14db CMakeFiles/GraviTE_test.dir/Drivers/STM32F4xx_HAL_Driver/Src/stm32f4xx_hal_tim_ex.c.obj
 .debug_info    0x0000b598      0xce3 CMakeFiles/GraviTE_test.dir/Drivers/STM32F4xx_HAL_Driver/Src/stm32f4xx_hal_adc.c.obj
 .debug_info    0x0000c27b      0xb68 CMakeFiles/GraviTE_test.dir/Drivers/STM32F4xx_HAL_Driver/Src/stm32f4xx_hal_adc_ex.c.obj
 .debug_info    0x0000cde3      0x8db CMakeFiles/GraviTE_test.dir/Drivers/STM32F4xx_HAL_Driver/Src/stm32f4xx_hal_rcc.c.obj
 .debug_info    0x0000d6be      0x64c CMakeFiles/GraviTE_test.dir/Drivers/STM32F4xx_HAL_Driver/Src/stm32f4xx_hal_rcc_ex.c.obj
 .debug_info    0x0000dd0a      0x6db CMakeFiles/GraviTE_test.dir/Drivers/STM32F4xx_HAL_Driver/Src/stm32f4xx_hal_gpio.c.obj
 .debug_info    0x0000e3e5      0x8e7 CMakeFiles/GraviTE_test.dir/Drivers/STM32F4xx_HAL_Driver/Src/stm32f4xx_hal_dma.c.obj
 .debug_info    0x0000eccc      0x6be CMakeFiles/GraviTE_test.dir/Drivers/STM32F4xx_HAL_Driver/Src/stm32f4xx_hal_pwr_ex.c.obj
 .debug_info    0x0000f38a      0xdc2 CMakeFiles/GraviTE_test.dir/Drivers/STM32F4xx_HAL_Driver/Src/stm32f4xx_hal_cortex.c.obj
 .debug_info    0x0001014c      0x9ba CMakeFiles/GraviTE_test.dir/Drivers/STM32F4xx_HAL_Driver/Src/stm32f4xx_hal.c.obj
 .debug_info    0x00010b06     0x26b2 CMakeFiles/GraviTE_test.dir/Drivers/STM32F4xx_HAL_Driver/Src/stm32f4xx_hal_i2c.c.obj
 .debug_info    0x000131b8      0x740 CMakeFiles/GraviTE_test.dir/Drivers/STM32F4xx_HAL_Driver/Src/stm32f4xx_hal_i2c_ex.c.obj
 .debug_info    0x000138f8      0xc20 CMakeFiles/GraviTE_test.dir/Drivers/STM32F4xx_HAL_Driver/Src/stm32f4xx_hal_rtc.c.obj
 .debug_info    0x00014518     0x1525 CMakeFiles/GraviTE_test.dir/Drivers/STM32F4xx_HAL_Driver/Src/stm32f4xx_hal_spi.c.obj
 .debug_info    0x00015a3d     0x2f4f CMakeFiles/GraviTE_test.dir/Drivers/STM32F4xx_HAL_Driver/Src/stm32f4xx_hal_uart.c.obj
 .debug_info    0x0001898c      0x52e CMakeFiles/GraviTE_test.dir/Core/Src/system_stm32f4xx.c.obj
 .debug_info    0x00018eba       0x30 CMakeFiles/GraviTE_test.dir/startup_stm32f429xx.s.obj

.debug_abbrev   0x00000000     0x3b91
 .debug_abbrev  0x00000000      0x266 CMakeFiles/GraviTE_test.dir/Core/Src/main.c.obj
 .debug_abbrev  0x00000266      0x174 CMakeFiles/GraviTE_test.dir/Core/Src/gpio.c.obj
 .debug_abbrev  0x000003da      0x224 CMakeFiles/GraviTE_test.dir/Core/Src/adc.c.obj
 .debug_abbrev  0x000005fe      0x10e CMakeFiles/GraviTE_test.dir/Core/Src/dma.c.obj
 .debug_abbrev  0x0000070c      0x230 CMakeFiles/GraviTE_test.dir/Core/Src/i2c.c.obj
 .debug_abbrev  0x0000093c      0x198 CMakeFiles/GraviTE_test.dir/Core/Src/rtc.c.obj
 .debug_abbrev  0x00000ad4      0x200 CMakeFiles/GraviTE_test.dir/Core/Src/spi.c.obj
 .debug_abbrev  0x00000cd4      0x21a CMakeFiles/GraviTE_test.dir/Core/Src/tim.c.obj
 .debug_abbrev  0x00000eee      0x20f CMakeFiles/GraviTE_test.dir/Core/Src/usart.c.obj
 .debug_abbrev  0x000010fd      0x1c5 CMakeFiles/GraviTE_test.dir/Core/Src/stm32f4xx_it.c.obj
 .debug_abbrev  0x000012c2       0xd8 CMakeFiles/GraviTE_test.dir/Core/Src/stm32f4xx_hal_msp.c.obj
 .debug_abbrev  0x0000139a      0x1f4 CMakeFiles/GraviTE_test.dir/Core/Src/stm32f4xx_hal_timebase_tim.c.obj
 .debug_abbrev  0x0000158e      0x278 CMakeFiles/GraviTE_test.dir/Drivers/STM32F4xx_HAL_Driver/Src/stm32f4xx_hal_tim.c.obj
 .debug_abbrev  0x00001806      0x283 CMakeFiles/GraviTE_test.dir/Drivers/STM32F4xx_HAL_Driver/Src/stm32f4xx_hal_tim_ex.c.obj
 .debug_abbrev  0x00001a89      0x252 CMakeFiles/GraviTE_test.dir/Drivers/STM32F4xx_HAL_Driver/Src/stm32f4xx_hal_adc.c.obj
 .debug_abbrev  0x00001cdb      0x270 CMakeFiles/GraviTE_test.dir/Drivers/STM32F4xx_HAL_Driver/Src/stm32f4xx_hal_adc_ex.c.obj
 .debug_abbrev  0x00001f4b      0x2b7 CMakeFiles/GraviTE_test.dir/Drivers/STM32F4xx_HAL_Driver/Src/stm32f4xx_hal_rcc.c.obj
 .debug_abbrev  0x00002202      0x1b0 CMakeFiles/GraviTE_test.dir/Drivers/STM32F4xx_HAL_Driver/Src/stm32f4xx_hal_rcc_ex.c.obj
 .debug_abbrev  0x000023b2      0x1d4 CMakeFiles/GraviTE_test.dir/Drivers/STM32F4xx_HAL_Driver/Src/stm32f4xx_hal_gpio.c.obj
 .debug_abbrev  0x00002586      0x264 CMakeFiles/GraviTE_test.dir/Drivers/STM32F4xx_HAL_Driver/Src/stm32f4xx_hal_dma.c.obj
 .debug_abbrev  0x000027ea      0x1cf CMakeFiles/GraviTE_test.dir/Drivers/STM32F4xx_HAL_Driver/Src/stm32f4xx_hal_pwr_ex.c.obj
 .debug_abbrev  0x000029b9      0x31d CMakeFiles/GraviTE_test.dir/Drivers/STM32F4xx_HAL_Driver/Src/stm32f4xx_hal_cortex.c.obj
 .debug_abbrev  0x00002cd6      0x214 CMakeFiles/GraviTE_test.dir/Drivers/STM32F4xx_HAL_Driver/Src/stm32f4xx_hal.c.obj
 .debug_abbrev  0x00002eea      0x2ac CMakeFiles/GraviTE_test.dir/Drivers/STM32F4xx_HAL_Driver/Src/stm32f4xx_hal_i2c.c.obj
 .debug_abbrev  0x00003196      0x158 CMakeFiles/GraviTE_test.dir/Drivers/STM32F4xx_HAL_Driver/Src/stm32f4xx_hal_i2c_ex.c.obj
 .debug_abbrev  0x000032ee      0x1dd CMakeFiles/GraviTE_test.dir/Drivers/STM32F4xx_HAL_Driver/Src/stm32f4xx_hal_rtc.c.obj
 .debug_abbrev  0x000034cb      0x27a CMakeFiles/GraviTE_test.dir/Drivers/STM32F4xx_HAL_Driver/Src/stm32f4xx_hal_spi.c.obj
 .debug_abbrev  0x00003745      0x30e CMakeFiles/GraviTE_test.dir/Drivers/STM32F4xx_HAL_Driver/Src/stm32f4xx_hal_uart.c.obj
 .debug_abbrev  0x00003a53      0x11a CMakeFiles/GraviTE_test.dir/Core/Src/system_stm32f4xx.c.obj
 .debug_abbrev  0x00003b6d       0x24 CMakeFiles/GraviTE_test.dir/startup_stm32f429xx.s.obj

.debug_aranges  0x00000000     0x15b8
 .debug_aranges
                0x00000000       0x40 CMakeFiles/GraviTE_test.dir/Core/Src/main.c.obj
 .debug_aranges
                0x00000040       0x20 CMakeFiles/GraviTE_test.dir/Core/Src/gpio.c.obj
 .debug_aranges
                0x00000060       0x30 CMakeFiles/GraviTE_test.dir/Core/Src/adc.c.obj
 .debug_aranges
                0x00000090       0x20 CMakeFiles/GraviTE_test.dir/Core/Src/dma.c.obj
 .debug_aranges
                0x000000b0       0x40 CMakeFiles/GraviTE_test.dir/Core/Src/i2c.c.obj
 .debug_aranges
                0x000000f0       0x30 CMakeFiles/GraviTE_test.dir/Core/Src/rtc.c.obj
 .debug_aranges
                0x00000120       0x38 CMakeFiles/GraviTE_test.dir/Core/Src/spi.c.obj
 .debug_aranges
                0x00000158       0x38 CMakeFiles/GraviTE_test.dir/Core/Src/tim.c.obj
 .debug_aranges
                0x00000190       0x30 CMakeFiles/GraviTE_test.dir/Core/Src/usart.c.obj
 .debug_aranges
                0x000001c0       0xa0 CMakeFiles/GraviTE_test.dir/Core/Src/stm32f4xx_it.c.obj
 .debug_aranges
                0x00000260       0x20 CMakeFiles/GraviTE_test.dir/Core/Src/stm32f4xx_hal_msp.c.obj
 .debug_aranges
                0x00000280       0x30 CMakeFiles/GraviTE_test.dir/Core/Src/stm32f4xx_hal_timebase_tim.c.obj
 .debug_aranges
                0x000002b0      0x3d0 CMakeFiles/GraviTE_test.dir/Drivers/STM32F4xx_HAL_Driver/Src/stm32f4xx_hal_tim.c.obj
 .debug_aranges
                0x00000680      0x168 CMakeFiles/GraviTE_test.dir/Drivers/STM32F4xx_HAL_Driver/Src/stm32f4xx_hal_tim_ex.c.obj
 .debug_aranges
                0x000007e8       0xe8 CMakeFiles/GraviTE_test.dir/Drivers/STM32F4xx_HAL_Driver/Src/stm32f4xx_hal_adc.c.obj
 .debug_aranges
                0x000008d0       0x90 CMakeFiles/GraviTE_test.dir/Drivers/STM32F4xx_HAL_Driver/Src/stm32f4xx_hal_adc_ex.c.obj
 .debug_aranges
                0x00000960       0x88 CMakeFiles/GraviTE_test.dir/Drivers/STM32F4xx_HAL_Driver/Src/stm32f4xx_hal_rcc.c.obj
 .debug_aranges
                0x000009e8       0x58 CMakeFiles/GraviTE_test.dir/Drivers/STM32F4xx_HAL_Driver/Src/stm32f4xx_hal_rcc_ex.c.obj
 .debug_aranges
                0x00000a40       0x58 CMakeFiles/GraviTE_test.dir/Drivers/STM32F4xx_HAL_Driver/Src/stm32f4xx_hal_gpio.c.obj
 .debug_aranges
                0x00000a98       0x90 CMakeFiles/GraviTE_test.dir/Drivers/STM32F4xx_HAL_Driver/Src/stm32f4xx_hal_dma.c.obj
 .debug_aranges
                0x00000b28       0x60 CMakeFiles/GraviTE_test.dir/Drivers/STM32F4xx_HAL_Driver/Src/stm32f4xx_hal_pwr_ex.c.obj
 .debug_aranges
                0x00000b88      0x130 CMakeFiles/GraviTE_test.dir/Drivers/STM32F4xx_HAL_Driver/Src/stm32f4xx_hal_cortex.c.obj
 .debug_aranges
                0x00000cb8      0x100 CMakeFiles/GraviTE_test.dir/Drivers/STM32F4xx_HAL_Driver/Src/stm32f4xx_hal.c.obj
 .debug_aranges
                0x00000db8      0x2c8 CMakeFiles/GraviTE_test.dir/Drivers/STM32F4xx_HAL_Driver/Src/stm32f4xx_hal_i2c.c.obj
 .debug_aranges
                0x00001080       0x28 CMakeFiles/GraviTE_test.dir/Drivers/STM32F4xx_HAL_Driver/Src/stm32f4xx_hal_i2c_ex.c.obj
 .debug_aranges
                0x000010a8       0xe8 CMakeFiles/GraviTE_test.dir/Drivers/STM32F4xx_HAL_Driver/Src/stm32f4xx_hal_rtc.c.obj
 .debug_aranges
                0x00001190      0x1d0 CMakeFiles/GraviTE_test.dir/Drivers/STM32F4xx_HAL_Driver/Src/stm32f4xx_hal_spi.c.obj
 .debug_aranges
                0x00001360      0x208 CMakeFiles/GraviTE_test.dir/Drivers/STM32F4xx_HAL_Driver/Src/stm32f4xx_hal_uart.c.obj
 .debug_aranges
                0x00001568       0x28 CMakeFiles/GraviTE_test.dir/Core/Src/system_stm32f4xx.c.obj
 .debug_aranges
                0x00001590       0x28 CMakeFiles/GraviTE_test.dir/startup_stm32f429xx.s.obj

.debug_rnglists
                0x00000000     0x10f5
 .debug_rnglists
                0x00000000       0x2c CMakeFiles/GraviTE_test.dir/Core/Src/main.c.obj
 .debug_rnglists
                0x0000002c       0x14 CMakeFiles/GraviTE_test.dir/Core/Src/gpio.c.obj
 .debug_rnglists
                0x00000040       0x21 CMakeFiles/GraviTE_test.dir/Core/Src/adc.c.obj
 .debug_rnglists
                0x00000061       0x13 CMakeFiles/GraviTE_test.dir/Core/Src/dma.c.obj
 .debug_rnglists
                0x00000074       0x30 CMakeFiles/GraviTE_test.dir/Core/Src/i2c.c.obj
 .debug_rnglists
                0x000000a4       0x1f CMakeFiles/GraviTE_test.dir/Core/Src/rtc.c.obj
 .debug_rnglists
                0x000000c3       0x26 CMakeFiles/GraviTE_test.dir/Core/Src/spi.c.obj
 .debug_rnglists
                0x000000e9       0x26 CMakeFiles/GraviTE_test.dir/Core/Src/tim.c.obj
 .debug_rnglists
                0x0000010f       0x20 CMakeFiles/GraviTE_test.dir/Core/Src/usart.c.obj
 .debug_rnglists
                0x0000012f       0x73 CMakeFiles/GraviTE_test.dir/Core/Src/stm32f4xx_it.c.obj
 .debug_rnglists
                0x000001a2       0x13 CMakeFiles/GraviTE_test.dir/Core/Src/stm32f4xx_hal_msp.c.obj
 .debug_rnglists
                0x000001b5       0x20 CMakeFiles/GraviTE_test.dir/Core/Src/stm32f4xx_hal_timebase_tim.c.obj
 .debug_rnglists
                0x000001d5      0x31a CMakeFiles/GraviTE_test.dir/Drivers/STM32F4xx_HAL_Driver/Src/stm32f4xx_hal_tim.c.obj
 .debug_rnglists
                0x000004ef      0x125 CMakeFiles/GraviTE_test.dir/Drivers/STM32F4xx_HAL_Driver/Src/stm32f4xx_hal_tim_ex.c.obj
 .debug_rnglists
                0x00000614       0xb5 CMakeFiles/GraviTE_test.dir/Drivers/STM32F4xx_HAL_Driver/Src/stm32f4xx_hal_adc.c.obj
 .debug_rnglists
                0x000006c9       0x71 CMakeFiles/GraviTE_test.dir/Drivers/STM32F4xx_HAL_Driver/Src/stm32f4xx_hal_adc_ex.c.obj
 .debug_rnglists
                0x0000073a       0x66 CMakeFiles/GraviTE_test.dir/Drivers/STM32F4xx_HAL_Driver/Src/stm32f4xx_hal_rcc.c.obj
 .debug_rnglists
                0x000007a0       0x43 CMakeFiles/GraviTE_test.dir/Drivers/STM32F4xx_HAL_Driver/Src/stm32f4xx_hal_rcc_ex.c.obj
 .debug_rnglists
                0x000007e3       0x3f CMakeFiles/GraviTE_test.dir/Drivers/STM32F4xx_HAL_Driver/Src/stm32f4xx_hal_gpio.c.obj
 .debug_rnglists
                0x00000822       0x70 CMakeFiles/GraviTE_test.dir/Drivers/STM32F4xx_HAL_Driver/Src/stm32f4xx_hal_dma.c.obj
 .debug_rnglists
                0x00000892       0x47 CMakeFiles/GraviTE_test.dir/Drivers/STM32F4xx_HAL_Driver/Src/stm32f4xx_hal_pwr_ex.c.obj
 .debug_rnglists
                0x000008d9       0xe0 CMakeFiles/GraviTE_test.dir/Drivers/STM32F4xx_HAL_Driver/Src/stm32f4xx_hal_cortex.c.obj
 .debug_rnglists
                0x000009b9       0xbb CMakeFiles/GraviTE_test.dir/Drivers/STM32F4xx_HAL_Driver/Src/stm32f4xx_hal.c.obj
 .debug_rnglists
                0x00000a74      0x256 CMakeFiles/GraviTE_test.dir/Drivers/STM32F4xx_HAL_Driver/Src/stm32f4xx_hal_i2c.c.obj
 .debug_rnglists
                0x00000cca       0x19 CMakeFiles/GraviTE_test.dir/Drivers/STM32F4xx_HAL_Driver/Src/stm32f4xx_hal_i2c_ex.c.obj
 .debug_rnglists
                0x00000ce3       0xb4 CMakeFiles/GraviTE_test.dir/Drivers/STM32F4xx_HAL_Driver/Src/stm32f4xx_hal_rtc.c.obj
 .debug_rnglists
                0x00000d97      0x16f CMakeFiles/GraviTE_test.dir/Drivers/STM32F4xx_HAL_Driver/Src/stm32f4xx_hal_spi.c.obj
 .debug_rnglists
                0x00000f06      0x1bc CMakeFiles/GraviTE_test.dir/Drivers/STM32F4xx_HAL_Driver/Src/stm32f4xx_hal_uart.c.obj
 .debug_rnglists
                0x000010c2       0x1a CMakeFiles/GraviTE_test.dir/Core/Src/system_stm32f4xx.c.obj
 .debug_rnglists
                0x000010dc       0x19 CMakeFiles/GraviTE_test.dir/startup_stm32f429xx.s.obj

.debug_macro    0x00000000    0x27725
 .debug_macro   0x00000000      0x29b CMakeFiles/GraviTE_test.dir/Core/Src/main.c.obj
 .debug_macro   0x0000029b      0xab4 CMakeFiles/GraviTE_test.dir/Core/Src/main.c.obj
 .debug_macro   0x00000d4f      0x2b3 CMakeFiles/GraviTE_test.dir/Core/Src/main.c.obj
 .debug_macro   0x00001002       0x2e CMakeFiles/GraviTE_test.dir/Core/Src/main.c.obj
 .debug_macro   0x00001030       0x28 CMakeFiles/GraviTE_test.dir/Core/Src/main.c.obj
 .debug_macro   0x00001058       0x22 CMakeFiles/GraviTE_test.dir/Core/Src/main.c.obj
 .debug_macro   0x0000107a       0x8e CMakeFiles/GraviTE_test.dir/Core/Src/main.c.obj
 .debug_macro   0x00001108       0x51 CMakeFiles/GraviTE_test.dir/Core/Src/main.c.obj
 .debug_macro   0x00001159      0x103 CMakeFiles/GraviTE_test.dir/Core/Src/main.c.obj
 .debug_macro   0x0000125c       0x6a CMakeFiles/GraviTE_test.dir/Core/Src/main.c.obj
 .debug_macro   0x000012c6      0x1df CMakeFiles/GraviTE_test.dir/Core/Src/main.c.obj
 .debug_macro   0x000014a5       0x1c CMakeFiles/GraviTE_test.dir/Core/Src/main.c.obj
 .debug_macro   0x000014c1       0x22 CMakeFiles/GraviTE_test.dir/Core/Src/main.c.obj
 .debug_macro   0x000014e3       0xfb CMakeFiles/GraviTE_test.dir/Core/Src/main.c.obj
 .debug_macro   0x000015de     0x1011 CMakeFiles/GraviTE_test.dir/Core/Src/main.c.obj
 .debug_macro   0x000025ef      0x11f CMakeFiles/GraviTE_test.dir/Core/Src/main.c.obj
 .debug_macro   0x0000270e    0x17ff1 CMakeFiles/GraviTE_test.dir/Core/Src/main.c.obj
 .debug_macro   0x0001a6ff       0x6d CMakeFiles/GraviTE_test.dir/Core/Src/main.c.obj
 .debug_macro   0x0001a76c     0x370a CMakeFiles/GraviTE_test.dir/Core/Src/main.c.obj
 .debug_macro   0x0001de76      0x189 CMakeFiles/GraviTE_test.dir/Core/Src/main.c.obj
 .debug_macro   0x0001dfff       0x5c CMakeFiles/GraviTE_test.dir/Core/Src/main.c.obj
 .debug_macro   0x0001e05b      0xcba CMakeFiles/GraviTE_test.dir/Core/Src/main.c.obj
 .debug_macro   0x0001ed15      0x9e9 CMakeFiles/GraviTE_test.dir/Core/Src/main.c.obj
 .debug_macro   0x0001f6fe      0x115 CMakeFiles/GraviTE_test.dir/Core/Src/main.c.obj
 .debug_macro   0x0001f813      0x156 CMakeFiles/GraviTE_test.dir/Core/Src/main.c.obj
 .debug_macro   0x0001f969       0xa5 CMakeFiles/GraviTE_test.dir/Core/Src/main.c.obj
 .debug_macro   0x0001fa0e      0x182 CMakeFiles/GraviTE_test.dir/Core/Src/main.c.obj
 .debug_macro   0x0001fb90      0x287 CMakeFiles/GraviTE_test.dir/Core/Src/main.c.obj
 .debug_macro   0x0001fe17       0x5f CMakeFiles/GraviTE_test.dir/Core/Src/main.c.obj
 .debug_macro   0x0001fe76      0x236 CMakeFiles/GraviTE_test.dir/Core/Src/main.c.obj
 .debug_macro   0x000200ac      0xb54 CMakeFiles/GraviTE_test.dir/Core/Src/main.c.obj
 .debug_macro   0x00020c00      0x38b CMakeFiles/GraviTE_test.dir/Core/Src/main.c.obj
 .debug_macro   0x00020f8b      0x184 CMakeFiles/GraviTE_test.dir/Core/Src/main.c.obj
 .debug_macro   0x0002110f       0xf9 CMakeFiles/GraviTE_test.dir/Core/Src/main.c.obj
 .debug_macro   0x00021208      0x132 CMakeFiles/GraviTE_test.dir/Core/Src/main.c.obj
 .debug_macro   0x0002133a      0x41d CMakeFiles/GraviTE_test.dir/Core/Src/main.c.obj
 .debug_macro   0x00021757       0x2e CMakeFiles/GraviTE_test.dir/Core/Src/main.c.obj
 .debug_macro   0x00021785      0x1bc CMakeFiles/GraviTE_test.dir/Core/Src/main.c.obj
 .debug_macro   0x00021941       0x22 CMakeFiles/GraviTE_test.dir/Core/Src/main.c.obj
 .debug_macro   0x00021963       0xd6 CMakeFiles/GraviTE_test.dir/Core/Src/main.c.obj
 .debug_macro   0x00021a39      0x127 CMakeFiles/GraviTE_test.dir/Core/Src/main.c.obj
 .debug_macro   0x00021b60       0xe2 CMakeFiles/GraviTE_test.dir/Core/Src/main.c.obj
 .debug_macro   0x00021c42       0x89 CMakeFiles/GraviTE_test.dir/Core/Src/main.c.obj
 .debug_macro   0x00021ccb      0x30c CMakeFiles/GraviTE_test.dir/Core/Src/main.c.obj
 .debug_macro   0x00021fd7      0x44b CMakeFiles/GraviTE_test.dir/Core/Src/main.c.obj
 .debug_macro   0x00022422       0xeb CMakeFiles/GraviTE_test.dir/Core/Src/main.c.obj
 .debug_macro   0x0002250d      0x225 CMakeFiles/GraviTE_test.dir/Core/Src/main.c.obj
 .debug_macro   0x00022732      0x8ed CMakeFiles/GraviTE_test.dir/Core/Src/main.c.obj
 .debug_macro   0x0002301f       0x4d CMakeFiles/GraviTE_test.dir/Core/Src/main.c.obj
 .debug_macro   0x0002306c      0x2aa CMakeFiles/GraviTE_test.dir/Core/Src/main.c.obj
 .debug_macro   0x00023316      0x134 CMakeFiles/GraviTE_test.dir/Core/Src/main.c.obj
 .debug_macro   0x0002344a      0x36a CMakeFiles/GraviTE_test.dir/Core/Src/main.c.obj
 .debug_macro   0x000237b4      0x24b CMakeFiles/GraviTE_test.dir/Core/Src/gpio.c.obj
 .debug_macro   0x000239ff      0x24b CMakeFiles/GraviTE_test.dir/Core/Src/adc.c.obj
 .debug_macro   0x00023c4a      0x24b CMakeFiles/GraviTE_test.dir/Core/Src/dma.c.obj
 .debug_macro   0x00023e95      0x24b CMakeFiles/GraviTE_test.dir/Core/Src/i2c.c.obj
 .debug_macro   0x000240e0      0x24b CMakeFiles/GraviTE_test.dir/Core/Src/rtc.c.obj
 .debug_macro   0x0002432b      0x24b CMakeFiles/GraviTE_test.dir/Core/Src/spi.c.obj
 .debug_macro   0x00024576      0x24b CMakeFiles/GraviTE_test.dir/Core/Src/tim.c.obj
 .debug_macro   0x000247c1      0x24b CMakeFiles/GraviTE_test.dir/Core/Src/usart.c.obj
 .debug_macro   0x00024a0c      0x24b CMakeFiles/GraviTE_test.dir/Core/Src/stm32f4xx_it.c.obj
 .debug_macro   0x00024c57      0x241 CMakeFiles/GraviTE_test.dir/Core/Src/stm32f4xx_hal_msp.c.obj
 .debug_macro   0x00024e98      0x232 CMakeFiles/GraviTE_test.dir/Core/Src/stm32f4xx_hal_timebase_tim.c.obj
 .debug_macro   0x000250ca      0x233 CMakeFiles/GraviTE_test.dir/Drivers/STM32F4xx_HAL_Driver/Src/stm32f4xx_hal_tim.c.obj
 .debug_macro   0x000252fd      0x232 CMakeFiles/GraviTE_test.dir/Drivers/STM32F4xx_HAL_Driver/Src/stm32f4xx_hal_tim_ex.c.obj
 .debug_macro   0x0002552f      0x233 CMakeFiles/GraviTE_test.dir/Drivers/STM32F4xx_HAL_Driver/Src/stm32f4xx_hal_adc.c.obj
 .debug_macro   0x00025762      0x232 CMakeFiles/GraviTE_test.dir/Drivers/STM32F4xx_HAL_Driver/Src/stm32f4xx_hal_adc_ex.c.obj
 .debug_macro   0x00025994      0x256 CMakeFiles/GraviTE_test.dir/Drivers/STM32F4xx_HAL_Driver/Src/stm32f4xx_hal_rcc.c.obj
 .debug_macro   0x00025bea      0x232 CMakeFiles/GraviTE_test.dir/Drivers/STM32F4xx_HAL_Driver/Src/stm32f4xx_hal_rcc_ex.c.obj
 .debug_macro   0x00025e1c      0x238 CMakeFiles/GraviTE_test.dir/Drivers/STM32F4xx_HAL_Driver/Src/stm32f4xx_hal_gpio.c.obj
 .debug_macro   0x00026054      0x238 CMakeFiles/GraviTE_test.dir/Drivers/STM32F4xx_HAL_Driver/Src/stm32f4xx_hal_dma.c.obj
 .debug_macro   0x0002628c      0x24a CMakeFiles/GraviTE_test.dir/Drivers/STM32F4xx_HAL_Driver/Src/stm32f4xx_hal_pwr_ex.c.obj
 .debug_macro   0x000264d6      0x232 CMakeFiles/GraviTE_test.dir/Drivers/STM32F4xx_HAL_Driver/Src/stm32f4xx_hal_cortex.c.obj
 .debug_macro   0x00026708      0x292 CMakeFiles/GraviTE_test.dir/Drivers/STM32F4xx_HAL_Driver/Src/stm32f4xx_hal.c.obj
 .debug_macro   0x0002699a      0x280 CMakeFiles/GraviTE_test.dir/Drivers/STM32F4xx_HAL_Driver/Src/stm32f4xx_hal_i2c.c.obj
 .debug_macro   0x00026c1a      0x232 CMakeFiles/GraviTE_test.dir/Drivers/STM32F4xx_HAL_Driver/Src/stm32f4xx_hal_i2c_ex.c.obj
 .debug_macro   0x00026e4c      0x233 CMakeFiles/GraviTE_test.dir/Drivers/STM32F4xx_HAL_Driver/Src/stm32f4xx_hal_rtc.c.obj
 .debug_macro   0x0002707f      0x241 CMakeFiles/GraviTE_test.dir/Drivers/STM32F4xx_HAL_Driver/Src/stm32f4xx_hal_spi.c.obj
 .debug_macro   0x000272c0      0x233 CMakeFiles/GraviTE_test.dir/Drivers/STM32F4xx_HAL_Driver/Src/stm32f4xx_hal_uart.c.obj
 .debug_macro   0x000274f3      0x232 CMakeFiles/GraviTE_test.dir/Core/Src/system_stm32f4xx.c.obj

.debug_line     0x00000000    0x1fa24
 .debug_line    0x00000000      0x9f9 CMakeFiles/GraviTE_test.dir/Core/Src/main.c.obj
 .debug_line    0x000009f9      0x9ab CMakeFiles/GraviTE_test.dir/Core/Src/gpio.c.obj
 .debug_line    0x000013a4      0x97d CMakeFiles/GraviTE_test.dir/Core/Src/adc.c.obj
 .debug_line    0x00001d21      0x8b8 CMakeFiles/GraviTE_test.dir/Core/Src/dma.c.obj
 .debug_line    0x000025d9      0xa4d CMakeFiles/GraviTE_test.dir/Core/Src/i2c.c.obj
 .debug_line    0x00003026      0x91a CMakeFiles/GraviTE_test.dir/Core/Src/rtc.c.obj
 .debug_line    0x00003940      0x9a0 CMakeFiles/GraviTE_test.dir/Core/Src/spi.c.obj
 .debug_line    0x000042e0      0x953 CMakeFiles/GraviTE_test.dir/Core/Src/tim.c.obj
 .debug_line    0x00004c33      0x970 CMakeFiles/GraviTE_test.dir/Core/Src/usart.c.obj
 .debug_line    0x000055a3      0xa37 CMakeFiles/GraviTE_test.dir/Core/Src/stm32f4xx_it.c.obj
 .debug_line    0x00005fda      0x8b8 CMakeFiles/GraviTE_test.dir/Core/Src/stm32f4xx_hal_msp.c.obj
 .debug_line    0x00006892      0x929 CMakeFiles/GraviTE_test.dir/Core/Src/stm32f4xx_hal_timebase_tim.c.obj
 .debug_line    0x000071bb     0x3942 CMakeFiles/GraviTE_test.dir/Drivers/STM32F4xx_HAL_Driver/Src/stm32f4xx_hal_tim.c.obj
 .debug_line    0x0000aafd     0x1b9c CMakeFiles/GraviTE_test.dir/Drivers/STM32F4xx_HAL_Driver/Src/stm32f4xx_hal_tim_ex.c.obj
 .debug_line    0x0000c699     0x143d CMakeFiles/GraviTE_test.dir/Drivers/STM32F4xx_HAL_Driver/Src/stm32f4xx_hal_adc.c.obj
 .debug_line    0x0000dad6     0x10a5 CMakeFiles/GraviTE_test.dir/Drivers/STM32F4xx_HAL_Driver/Src/stm32f4xx_hal_adc_ex.c.obj
 .debug_line    0x0000eb7b      0xf31 CMakeFiles/GraviTE_test.dir/Drivers/STM32F4xx_HAL_Driver/Src/stm32f4xx_hal_rcc.c.obj
 .debug_line    0x0000faac      0xd7b CMakeFiles/GraviTE_test.dir/Drivers/STM32F4xx_HAL_Driver/Src/stm32f4xx_hal_rcc_ex.c.obj
 .debug_line    0x00010827      0xd5a CMakeFiles/GraviTE_test.dir/Drivers/STM32F4xx_HAL_Driver/Src/stm32f4xx_hal_gpio.c.obj
 .debug_line    0x00011581     0x1116 CMakeFiles/GraviTE_test.dir/Drivers/STM32F4xx_HAL_Driver/Src/stm32f4xx_hal_dma.c.obj
 .debug_line    0x00012697      0xacf CMakeFiles/GraviTE_test.dir/Drivers/STM32F4xx_HAL_Driver/Src/stm32f4xx_hal_pwr_ex.c.obj
 .debug_line    0x00013166      0xe98 CMakeFiles/GraviTE_test.dir/Drivers/STM32F4xx_HAL_Driver/Src/stm32f4xx_hal_cortex.c.obj
 .debug_line    0x00013ffe      0xbdc CMakeFiles/GraviTE_test.dir/Drivers/STM32F4xx_HAL_Driver/Src/stm32f4xx_hal.c.obj
 .debug_line    0x00014bda     0x3f7e CMakeFiles/GraviTE_test.dir/Drivers/STM32F4xx_HAL_Driver/Src/stm32f4xx_hal_i2c.c.obj
 .debug_line    0x00018b58      0x933 CMakeFiles/GraviTE_test.dir/Drivers/STM32F4xx_HAL_Driver/Src/stm32f4xx_hal_i2c_ex.c.obj
 .debug_line    0x0001948b     0x127e CMakeFiles/GraviTE_test.dir/Drivers/STM32F4xx_HAL_Driver/Src/stm32f4xx_hal_rtc.c.obj
 .debug_line    0x0001a709     0x1eca CMakeFiles/GraviTE_test.dir/Drivers/STM32F4xx_HAL_Driver/Src/stm32f4xx_hal_spi.c.obj
 .debug_line    0x0001c5d3     0x2aa9 CMakeFiles/GraviTE_test.dir/Drivers/STM32F4xx_HAL_Driver/Src/stm32f4xx_hal_uart.c.obj
 .debug_line    0x0001f07c      0x92e CMakeFiles/GraviTE_test.dir/Core/Src/system_stm32f4xx.c.obj
 .debug_line    0x0001f9aa       0x7a CMakeFiles/GraviTE_test.dir/startup_stm32f429xx.s.obj

.debug_str      0x00000000    0xef49a
 .debug_str     0x00000000    0xe9232 CMakeFiles/GraviTE_test.dir/Core/Src/main.c.obj
                              0xe95ac (size before relaxing)
 .debug_str     0x000e9232      0x602 CMakeFiles/GraviTE_test.dir/Core/Src/gpio.c.obj
                              0xe90c3 (size before relaxing)
 .debug_str     0x000e9834      0x24b CMakeFiles/GraviTE_test.dir/Core/Src/adc.c.obj
                              0xe956f (size before relaxing)
 .debug_str     0x000e9a7f       0x5f CMakeFiles/GraviTE_test.dir/Core/Src/dma.c.obj
                              0xe8ff5 (size before relaxing)
 .debug_str     0x000e9ade      0x325 CMakeFiles/GraviTE_test.dir/Core/Src/i2c.c.obj
                              0xe9758 (size before relaxing)
 .debug_str     0x000e9e03      0x35c CMakeFiles/GraviTE_test.dir/Core/Src/rtc.c.obj
                              0xe8d16 (size before relaxing)
 .debug_str     0x000ea15f      0x214 CMakeFiles/GraviTE_test.dir/Core/Src/spi.c.obj
                              0xe8fde (size before relaxing)
 .debug_str     0x000ea373      0x161 CMakeFiles/GraviTE_test.dir/Core/Src/tim.c.obj
                              0xe9178 (size before relaxing)
 .debug_str     0x000ea4d4       0xbc CMakeFiles/GraviTE_test.dir/Core/Src/usart.c.obj
                              0xe9036 (size before relaxing)
 .debug_str     0x000ea590      0x212 CMakeFiles/GraviTE_test.dir/Core/Src/stm32f4xx_it.c.obj
                              0xe957d (size before relaxing)
 .debug_str     0x000ea7a2       0x79 CMakeFiles/GraviTE_test.dir/Core/Src/stm32f4xx_hal_msp.c.obj
                              0xe8a74 (size before relaxing)
 .debug_str     0x000ea81b      0x12c CMakeFiles/GraviTE_test.dir/Core/Src/stm32f4xx_hal_timebase_tim.c.obj
                              0xe8853 (size before relaxing)
 .debug_str     0x000ea947      0xdfd CMakeFiles/GraviTE_test.dir/Drivers/STM32F4xx_HAL_Driver/Src/stm32f4xx_hal_tim.c.obj
                              0xe907f (size before relaxing)
 .debug_str     0x000eb744      0x550 CMakeFiles/GraviTE_test.dir/Drivers/STM32F4xx_HAL_Driver/Src/stm32f4xx_hal_tim_ex.c.obj
                              0xe888b (size before relaxing)
 .debug_str     0x000ebc94      0x305 CMakeFiles/GraviTE_test.dir/Drivers/STM32F4xx_HAL_Driver/Src/stm32f4xx_hal_adc.c.obj
                              0xe82e2 (size before relaxing)
 .debug_str     0x000ebf99      0x32c CMakeFiles/GraviTE_test.dir/Drivers/STM32F4xx_HAL_Driver/Src/stm32f4xx_hal_adc_ex.c.obj
                              0xe8336 (size before relaxing)
 .debug_str     0x000ec2c5      0x29a CMakeFiles/GraviTE_test.dir/Drivers/STM32F4xx_HAL_Driver/Src/stm32f4xx_hal_rcc.c.obj
                              0xe813c (size before relaxing)
 .debug_str     0x000ec55f      0x180 CMakeFiles/GraviTE_test.dir/Drivers/STM32F4xx_HAL_Driver/Src/stm32f4xx_hal_rcc_ex.c.obj
                              0xe7f03 (size before relaxing)
 .debug_str     0x000ec6df      0x142 CMakeFiles/GraviTE_test.dir/Drivers/STM32F4xx_HAL_Driver/Src/stm32f4xx_hal_gpio.c.obj
                              0xe7e83 (size before relaxing)
 .debug_str     0x000ec821      0x2f8 CMakeFiles/GraviTE_test.dir/Drivers/STM32F4xx_HAL_Driver/Src/stm32f4xx_hal_dma.c.obj
                              0xe810f (size before relaxing)
 .debug_str     0x000ecb19      0x1ce CMakeFiles/GraviTE_test.dir/Drivers/STM32F4xx_HAL_Driver/Src/stm32f4xx_hal_pwr_ex.c.obj
                              0xe7ee0 (size before relaxing)
 .debug_str     0x000ecce7      0x3fb CMakeFiles/GraviTE_test.dir/Drivers/STM32F4xx_HAL_Driver/Src/stm32f4xx_hal_cortex.c.obj
                              0xe8659 (size before relaxing)
 .debug_str     0x000ed0e2      0x5da CMakeFiles/GraviTE_test.dir/Drivers/STM32F4xx_HAL_Driver/Src/stm32f4xx_hal.c.obj
                              0xe892b (size before relaxing)
 .debug_str     0x000ed6bc      0xd0f CMakeFiles/GraviTE_test.dir/Drivers/STM32F4xx_HAL_Driver/Src/stm32f4xx_hal_i2c.c.obj
                              0xe900a (size before relaxing)
 .debug_str     0x000ee3cb       0x88 CMakeFiles/GraviTE_test.dir/Drivers/STM32F4xx_HAL_Driver/Src/stm32f4xx_hal_i2c_ex.c.obj
                              0xe81c3 (size before relaxing)
 .debug_str     0x000ee453      0x384 CMakeFiles/GraviTE_test.dir/Drivers/STM32F4xx_HAL_Driver/Src/stm32f4xx_hal_rtc.c.obj
                              0xe8164 (size before relaxing)
 .debug_str     0x000ee7d7      0x594 CMakeFiles/GraviTE_test.dir/Drivers/STM32F4xx_HAL_Driver/Src/stm32f4xx_hal_spi.c.obj
                              0xe85b3 (size before relaxing)
 .debug_str     0x000eed6b      0x616 CMakeFiles/GraviTE_test.dir/Drivers/STM32F4xx_HAL_Driver/Src/stm32f4xx_hal_uart.c.obj
                              0xe870a (size before relaxing)
 .debug_str     0x000ef381       0x97 CMakeFiles/GraviTE_test.dir/Core/Src/system_stm32f4xx.c.obj
                              0xe7d08 (size before relaxing)
 .debug_str     0x000ef418       0x82 CMakeFiles/GraviTE_test.dir/startup_stm32f429xx.s.obj
                                 0xde (size before relaxing)

.debug_line_str
                0x00000000       0xc2
 .debug_line_str
                0x00000000       0xc2 CMakeFiles/GraviTE_test.dir/startup_stm32f429xx.s.obj